#
# There is insufficient memory for the Java Runtime Environment to continue.
# Native memory allocation (malloc) failed to allocate 1126416 bytes. Error detail: Chunk::new
# Possible reasons:
#   The system is out of physical RAM or swap space
#   This process is running with CompressedOops enabled, and the Java Heap may be blocking the growth of the native heap
# Possible solutions:
#   Reduce memory load on the system
#   Increase physical memory or swap space
#   Check if swap backing store is full
#   Decrease Java heap size (-Xmx/-Xms)
#   Decrease number of Java threads
#   Decrease Java thread stack sizes (-Xss)
#   Set larger code cache with -XX:ReservedCodeCacheSize=
#   JVM is running with Zero Based Compressed Oops mode in which the Java heap is
#     placed in the first 32GB address space. The Java Heap base address is the
#     maximum limit for the native heap growth. Please use -XX:HeapBaseMinAddress
#     to set the Java Heap base and to place the Java Heap above 32GB virtual address.
# This output file may be truncated or incomplete.
#
#  Out of Memory Error (arena.cpp:168), pid=32232, tid=18980
#
# JRE version: OpenJDK Runtime Environment (21.0.10) (build 21.0.10+-14961533-b1163.108)
# Java VM: OpenJDK 64-Bit Server VM (21.0.10+-14961533-b1163.108, mixed mode, tiered, compressed oops, compressed class ptrs, g1 gc, windows-amd64)
# No core dump will be written. Minidumps are not enabled by default on client versions of Windows
#

---------------  S U M M A R Y ------------

Command Line: org.jetbrains.kotlin.cli.jvm.K2JVMCompiler @C:\Users\linux\AndroidStudioProjects\andriod-\app\build\20260930_13138691733584699767.compiler.options

Host: 12th Gen Intel(R) Core(TM) i5-1235U, 12 cores, 23G,  Windows 11 , 64 bit Build 26100 (10.0.26100.9444)
Time: Wed Sep 30 04:25:50 2026 Malay Peninsula Standard Time elapsed time: 58.245552 seconds (0d 0h 0m 58s)

---------------  T H R E A D  ---------------

Current thread (0x00000169da74e260):  JavaThread "C2 CompilerThread0" daemon [_thread_in_native, id=18980, stack(0x0000003981a00000,0x0000003981b00000) (1024K)]


Current CompileTask:
C2:58245 20063       4       org.jetbrains.kotlin.backend.jvm.intrinsics.IrIntrinsicMethods$Companion::toKey (272 bytes)

Stack: [0x0000003981a00000,0x0000003981b00000]
Native frames: (J=compiled Java code, j=interpreted, Vv=VM code, C=native code)
V  [jvm.dll+0x6d78a9]
V  [jvm.dll+0x8665b3]
V  [jvm.dll+0x868bde]
V  [jvm.dll+0x8692c3]
V  [jvm.dll+0x280ee6]
V  [jvm.dll+0xc07cd]
V  [jvm.dll+0xc0d03]
V  [jvm.dll+0x3ba0cb]
V  [jvm.dll+0x385df7]
V  [jvm.dll+0x38526a]
V  [jvm.dll+0x249bd2]
V  [jvm.dll+0x2491a1]
V  [jvm.dll+0x1c76e4]
V  [jvm.dll+0x25891e]
V  [jvm.dll+0x256e66]
V  [jvm.dll+0x3f513e]
V  [jvm.dll+0x80fd28]
V  [jvm.dll+0x6d60fd]
C  [ucrtbase.dll+0x2cd30]
C  [KERNEL32.DLL+0x2cd87]
C  [ntdll.dll+0xacaec]


---------------  P R O C E S S  ---------------

Threads class SMR info:
_java_thread_list=0x00000169e388a1b0, length=13, elements={
0x00000169bdb295c0, 0x00000169da6e4180, 0x00000169da6e6cf0, 0x00000169da6e7750,
0x00000169da6e85b0, 0x00000169da6e9410, 0x00000169da73ac50, 0x00000169da73d6c0,
0x00000169da74e260, 0x00000169da74fcf0, 0x00000169da7eeb10, 0x00000169e0875f20,
0x00000169e0872f70
}

Java Threads: ( => current thread )
  0x00000169bdb295c0 JavaThread "main"                              [_thread_in_vm, id=16880, stack(0x0000003980b00000,0x0000003980c00000) (1024K)]
  0x00000169da6e4180 JavaThread "Common-Cleaner"             daemon [_thread_blocked, id=20112, stack(0x0000003981300000,0x0000003981400000) (1024K)]
  0x00000169da6e6cf0 JavaThread "Reference Handler"          daemon [_thread_blocked, id=25516, stack(0x0000003981400000,0x0000003981500000) (1024K)]
  0x00000169da6e7750 JavaThread "Finalizer"                  daemon [_thread_blocked, id=20080, stack(0x0000003981500000,0x0000003981600000) (1024K)]
  0x00000169da6e85b0 JavaThread "Signal Dispatcher"          daemon [_thread_blocked, id=15060, stack(0x0000003981600000,0x0000003981700000) (1024K)]
  0x00000169da6e9410 JavaThread "Attach Listener"            daemon [_thread_blocked, id=8116, stack(0x0000003981700000,0x0000003981800000) (1024K)]
  0x00000169da73ac50 JavaThread "Service Thread"             daemon [_thread_blocked, id=22524, stack(0x0000003981800000,0x0000003981900000) (1024K)]
  0x00000169da73d6c0 JavaThread "Monitor Deflation Thread"   daemon [_thread_blocked, id=12552, stack(0x0000003981900000,0x0000003981a00000) (1024K)]
=>0x00000169da74e260 JavaThread "C2 CompilerThread0"         daemon [_thread_in_native, id=18980, stack(0x0000003981a00000,0x0000003981b00000) (1024K)]
  0x00000169da74fcf0 JavaThread "C1 CompilerThread0"         daemon [_thread_in_native, id=24644, stack(0x0000003981b00000,0x0000003981c00000) (1024K)]
  0x00000169da7eeb10 JavaThread "Notification Thread"        daemon [_thread_blocked, id=26368, stack(0x0000003981c00000,0x0000003981d00000) (1024K)]
  0x00000169e0875f20 JavaThread "C2 CompilerThread1"         daemon [_thread_in_native, id=15944, stack(0x0000003980800000,0x0000003980900000) (1024K)]
  0x00000169e0872f70 JavaThread "C2 CompilerThread2"         daemon [_thread_in_native, id=3524, stack(0x0000003981d00000,0x0000003981e00000) (1024K)]
Total: 13

Other Threads:
  0x00000169da6a4830 VMThread "VM Thread"                           [id=7100, stack(0x0000003981200000,0x0000003981300000) (1024K)]
  0x00000169d9c5ecd0 WatcherThread "VM Periodic Task Thread"        [id=31232, stack(0x0000003981100000,0x0000003981200000) (1024K)]
  0x00000169bdba9730 WorkerThread "GC Thread#0"                     [id=1564, stack(0x0000003980c00000,0x0000003980d00000) (1024K)]
  0x00000169df5a6470 WorkerThread "GC Thread#1"                     [id=12868, stack(0x0000003981f00000,0x0000003982000000) (1024K)]
  0x00000169df5a6820 WorkerThread "GC Thread#2"                     [id=12468, stack(0x0000003982000000,0x0000003982100000) (1024K)]
  0x00000169df5a6bd0 WorkerThread "GC Thread#3"                     [id=13092, stack(0x0000003982100000,0x0000003982200000) (1024K)]
  0x00000169df5a6f80 WorkerThread "GC Thread#4"                     [id=8032, stack(0x0000003982200000,0x0000003982300000) (1024K)]
  0x00000169df5a7330 WorkerThread "GC Thread#5"                     [id=15048, stack(0x0000003982300000,0x0000003982400000) (1024K)]
  0x00000169df5a76e0 WorkerThread "GC Thread#6"                     [id=6148, stack(0x0000003982400000,0x0000003982500000) (1024K)]
  0x00000169df591a50 WorkerThread "GC Thread#7"                     [id=32336, stack(0x0000003982500000,0x0000003982600000) (1024K)]
  0x00000169df591e00 WorkerThread "GC Thread#8"                     [id=32140, stack(0x0000003982600000,0x0000003982700000) (1024K)]
  0x00000169dfae0560 WorkerThread "GC Thread#9"                     [id=23000, stack(0x0000003982900000,0x0000003982a00000) (1024K)]
  0x00000169bdbb64e0 ConcurrentGCThread "G1 Main Marker"            [id=26852, stack(0x0000003980d00000,0x0000003980e00000) (1024K)]
  0x00000169bdbb6ff0 WorkerThread "G1 Conc#0"                       [id=31980, stack(0x0000003980e00000,0x0000003980f00000) (1024K)]
  0x00000169dfb6b6b0 WorkerThread "G1 Conc#1"                       [id=31636, stack(0x0000003981e00000,0x0000003981f00000) (1024K)]
  0x00000169dfadfa50 WorkerThread "G1 Conc#2"                       [id=30552, stack(0x0000003982700000,0x0000003982800000) (1024K)]
  0x00000169bdbee9a0 ConcurrentGCThread "G1 Refine#0"               [id=26660, stack(0x0000003980f00000,0x0000003981000000) (1024K)]
  0x00000169d9b354b0 ConcurrentGCThread "G1 Service"                [id=28952, stack(0x0000003981000000,0x0000003981100000) (1024K)]
Total: 18

Threads with active compile tasks:
C2 CompilerThread0  58290 20063       4       org.jetbrains.kotlin.backend.jvm.intrinsics.IrIntrinsicMethods$Companion::toKey (272 bytes)
C1 CompilerThread0  58290 20193       3       org.jetbrains.kotlin.backend.jvm.lower.JvmOptimizationLowering$Transformer::visitFieldAccess (10 bytes)
C2 CompilerThread1  58290 20054       4       org.jetbrains.kotlin.backend.jvm.lower.SyntheticAccessorLowering$Companion::isAccessible (500 bytes)
C2 CompilerThread2  58290 20064       4       org.jetbrains.kotlin.backend.jvm.JvmIrCodegenFactory$invokeLowerings$1::invoke (9 bytes)
Total: 4

VM state: not at safepoint (normal execution)

VM Mutex/Monitor currently owned by a thread: None

Heap address: 0x0000000684800000, size: 6072 MB, Compressed Oops mode: Zero based, Oop shift amount: 3

CDS archive(s) not mapped
Compressed class space mapped at: 0x0000000800000000-0x0000000840000000, reserved size: 1073741824
Narrow klass base: 0x0000000800000000, Narrow klass shift: 0, Narrow klass range: 0x40000000

GC Precious Log:
 CardTable entry size: 512
 Card Set container configuration: InlinePtr #cards 4 size 8 Array Of Cards #cards 32 size 80 Howl #buckets 8 coarsen threshold 7372 Howl Bitmap #cards 1024 size 144 coarsen threshold 921 Card regions per heap region 1 cards per card region 8192
 CPUs: 12 total, 12 available
 Memory: 24280M
 Large Page Support: Disabled
 NUMA Support: Disabled
 Compressed Oops: Enabled (Zero based)
 Heap Region Size: 4M
 Heap Min Capacity: 8M
 Heap Initial Capacity: 380M
 Heap Max Capacity: 6072M
 Pre-touch: Disabled
 Parallel Workers: 10
 Concurrent Workers: 3
 Concurrent Refinement Workers: 10
 Periodic GC: Disabled

Heap:
 garbage-first heap   total 245760K, used 160883K [0x0000000684800000, 0x0000000800000000)
  region size 4096K, 6 young (24576K), 1 survivors (4096K)
 Metaspace       used 85279K, committed 86080K, reserved 1179648K
  class space    used 9086K, committed 9472K, reserved 1048576K

Heap Regions: E=young(eden), S=young(survivor), O=old, HS=humongous(starts), HC=humongous(continues), CS=collection set, F=free, TAMS=top-at-mark-start, PB=parsable bottom
|   0|0x0000000684800000, 0x0000000684c00000, 0x0000000684c00000|100%|HS|  |TAMS 0x0000000684800000| PB 0x0000000684800000| Complete 
|   1|0x0000000684c00000, 0x0000000685000000, 0x0000000685000000|100%| O|  |TAMS 0x0000000684c00000| PB 0x0000000684c00000| Untracked 
|   2|0x0000000685000000, 0x0000000685400000, 0x0000000685400000|100%| O|  |TAMS 0x0000000685000000| PB 0x0000000685000000| Untracked 
|   3|0x0000000685400000, 0x0000000685800000, 0x0000000685800000|100%| O|  |TAMS 0x0000000685400000| PB 0x0000000685400000| Untracked 
|   4|0x0000000685800000, 0x0000000685c00000, 0x0000000685c00000|100%| O|  |TAMS 0x0000000685800000| PB 0x0000000685800000| Untracked 
|   5|0x0000000685c00000, 0x0000000686000000, 0x0000000686000000|100%| O|  |TAMS 0x0000000685c00000| PB 0x0000000685c00000| Untracked 
|   6|0x0000000686000000, 0x0000000686400000, 0x0000000686400000|100%| O|  |TAMS 0x0000000686000000| PB 0x0000000686000000| Untracked 
|   7|0x0000000686400000, 0x0000000686800000, 0x0000000686800000|100%| O|  |TAMS 0x0000000686400000| PB 0x0000000686400000| Untracked 
|   8|0x0000000686800000, 0x0000000686c00000, 0x0000000686c00000|100%| O|  |TAMS 0x0000000686800000| PB 0x0000000686800000| Untracked 
|   9|0x0000000686c00000, 0x0000000687000000, 0x0000000687000000|100%| O|  |TAMS 0x0000000686c00000| PB 0x0000000686c00000| Untracked 
|  10|0x0000000687000000, 0x0000000687400000, 0x0000000687400000|100%| O|  |TAMS 0x0000000687000000| PB 0x0000000687000000| Untracked 
|  11|0x0000000687400000, 0x0000000687800000, 0x0000000687800000|100%| O|Cm|TAMS 0x0000000687400000| PB 0x0000000687400000| Complete 
|  12|0x0000000687800000, 0x0000000687c00000, 0x0000000687c00000|100%| O|  |TAMS 0x0000000687800000| PB 0x0000000687800000| Untracked 
|  13|0x0000000687c00000, 0x0000000688000000, 0x0000000688000000|100%| O|  |TAMS 0x0000000687c00000| PB 0x0000000687c00000| Untracked 
|  14|0x0000000688000000, 0x0000000688400000, 0x0000000688400000|100%| O|  |TAMS 0x0000000688000000| PB 0x0000000688000000| Untracked 
|  15|0x0000000688400000, 0x0000000688800000, 0x0000000688800000|100%| O|  |TAMS 0x0000000688400000| PB 0x0000000688400000| Untracked 
|  16|0x0000000688800000, 0x0000000688c00000, 0x0000000688c00000|100%| O|  |TAMS 0x0000000688800000| PB 0x0000000688800000| Untracked 
|  17|0x0000000688c00000, 0x0000000689000000, 0x0000000689000000|100%| O|  |TAMS 0x0000000688c00000| PB 0x0000000688c00000| Untracked 
|  18|0x0000000689000000, 0x0000000689400000, 0x0000000689400000|100%| O|  |TAMS 0x0000000689000000| PB 0x0000000689000000| Untracked 
|  19|0x0000000689400000, 0x0000000689800000, 0x0000000689800000|100%| O|  |TAMS 0x0000000689400000| PB 0x0000000689400000| Untracked 
|  20|0x0000000689800000, 0x0000000689c00000, 0x0000000689c00000|100%| O|  |TAMS 0x0000000689800000| PB 0x0000000689800000| Untracked 
|  21|0x0000000689c00000, 0x000000068a000000, 0x000000068a000000|100%| O|  |TAMS 0x0000000689c00000| PB 0x0000000689c00000| Untracked 
|  22|0x000000068a000000, 0x000000068a400000, 0x000000068a400000|100%| O|Cm|TAMS 0x000000068a000000| PB 0x000000068a000000| Complete 
|  23|0x000000068a400000, 0x000000068a800000, 0x000000068a800000|100%| O|  |TAMS 0x000000068a400000| PB 0x000000068a400000| Untracked 
|  24|0x000000068a800000, 0x000000068ac00000, 0x000000068ac00000|100%| O|Cm|TAMS 0x000000068a800000| PB 0x000000068a800000| Complete 
|  25|0x000000068ac00000, 0x000000068b000000, 0x000000068b000000|100%| O|  |TAMS 0x000000068ac00000| PB 0x000000068ac00000| Untracked 
|  26|0x000000068b000000, 0x000000068b400000, 0x000000068b400000|100%| O|Cm|TAMS 0x000000068b000000| PB 0x000000068b000000| Complete 
|  27|0x000000068b400000, 0x000000068b800000, 0x000000068b800000|100%| O|Cm|TAMS 0x000000068b400000| PB 0x000000068b400000| Complete 
|  28|0x000000068b800000, 0x000000068b9dc040, 0x000000068bc00000| 46%| O|  |TAMS 0x000000068b800000| PB 0x000000068b800000| Untracked 
|  29|0x000000068bc00000, 0x000000068bc00000, 0x000000068c000000|  0%| F|  |TAMS 0x000000068bc00000| PB 0x000000068bc00000| Untracked 
|  30|0x000000068c000000, 0x000000068c000000, 0x000000068c400000|  0%| F|  |TAMS 0x000000068c000000| PB 0x000000068c000000| Untracked 
|  31|0x000000068c400000, 0x000000068c800000, 0x000000068c800000|100%| O|  |TAMS 0x000000068c400000| PB 0x000000068c400000| Untracked 
|  32|0x000000068c800000, 0x000000068cc00000, 0x000000068cc00000|100%| O|  |TAMS 0x000000068c800000| PB 0x000000068c800000| Untracked 
|  33|0x000000068cc00000, 0x000000068cc00000, 0x000000068d000000|  0%| F|  |TAMS 0x000000068cc00000| PB 0x000000068cc00000| Untracked 
|  34|0x000000068d000000, 0x000000068d000000, 0x000000068d400000|  0%| F|  |TAMS 0x000000068d000000| PB 0x000000068d000000| Untracked 
|  35|0x000000068d400000, 0x000000068d400000, 0x000000068d800000|  0%| F|  |TAMS 0x000000068d400000| PB 0x000000068d400000| Untracked 
|  36|0x000000068d800000, 0x000000068d800000, 0x000000068dc00000|  0%| F|  |TAMS 0x000000068d800000| PB 0x000000068d800000| Untracked 
|  37|0x000000068dc00000, 0x000000068dc00000, 0x000000068e000000|  0%| F|  |TAMS 0x000000068dc00000| PB 0x000000068dc00000| Untracked 
|  38|0x000000068e000000, 0x000000068e000000, 0x000000068e400000|  0%| F|  |TAMS 0x000000068e000000| PB 0x000000068e000000| Untracked 
|  39|0x000000068e400000, 0x000000068e400000, 0x000000068e800000|  0%| F|  |TAMS 0x000000068e400000| PB 0x000000068e400000| Untracked 
|  40|0x000000068e800000, 0x000000068e800000, 0x000000068ec00000|  0%| F|  |TAMS 0x000000068e800000| PB 0x000000068e800000| Untracked 
|  41|0x000000068ec00000, 0x000000068ec00000, 0x000000068f000000|  0%| F|  |TAMS 0x000000068ec00000| PB 0x000000068ec00000| Untracked 
|  42|0x000000068f000000, 0x000000068f000000, 0x000000068f400000|  0%| F|  |TAMS 0x000000068f000000| PB 0x000000068f000000| Untracked 
|  43|0x000000068f400000, 0x000000068f400000, 0x000000068f800000|  0%| F|  |TAMS 0x000000068f400000| PB 0x000000068f400000| Untracked 
|  44|0x000000068f800000, 0x000000068fb40dd0, 0x000000068fc00000| 81%| S|CS|TAMS 0x000000068f800000| PB 0x000000068f800000| Complete 
|  45|0x000000068fc00000, 0x000000068fc00000, 0x0000000690000000|  0%| F|  |TAMS 0x000000068fc00000| PB 0x000000068fc00000| Untracked 
|  46|0x0000000690000000, 0x0000000690000000, 0x0000000690400000|  0%| F|  |TAMS 0x0000000690000000| PB 0x0000000690000000| Untracked 
|  47|0x0000000690400000, 0x0000000690400000, 0x0000000690800000|  0%| F|  |TAMS 0x0000000690400000| PB 0x0000000690400000| Untracked 
|  48|0x0000000690800000, 0x0000000690800000, 0x0000000690c00000|  0%| F|  |TAMS 0x0000000690800000| PB 0x0000000690800000| Untracked 
|  49|0x0000000690c00000, 0x0000000690c00000, 0x0000000691000000|  0%| F|  |TAMS 0x0000000690c00000| PB 0x0000000690c00000| Untracked 
|  50|0x0000000691000000, 0x0000000691000000, 0x0000000691400000|  0%| F|  |TAMS 0x0000000691000000| PB 0x0000000691000000| Untracked 
|  51|0x0000000691400000, 0x00000006914f4c00, 0x0000000691800000| 23%| E|  |TAMS 0x0000000691400000| PB 0x0000000691400000| Complete 
|  52|0x0000000691800000, 0x0000000691c00000, 0x0000000691c00000|100%| E|CS|TAMS 0x0000000691800000| PB 0x0000000691800000| Complete 
|  53|0x0000000691c00000, 0x0000000692000000, 0x0000000692000000|100%| E|CS|TAMS 0x0000000691c00000| PB 0x0000000691c00000| Complete 
|  54|0x0000000692000000, 0x0000000692400000, 0x0000000692400000|100%| E|CS|TAMS 0x0000000692000000| PB 0x0000000692000000| Complete 
|  94|0x000000069c000000, 0x000000069c400000, 0x000000069c400000|100%| E|CS|TAMS 0x000000069c000000| PB 0x000000069c000000| Complete 
|1514|0x00000007ff000000, 0x00000007ff400000, 0x00000007ff400000|100%| O|  |TAMS 0x00000007ff000000| PB 0x00000007ff000000| Untracked 
|1515|0x00000007ff400000, 0x00000007ff800000, 0x00000007ff800000|100%| O|  |TAMS 0x00000007ff400000| PB 0x00000007ff400000| Untracked 
|1516|0x00000007ff800000, 0x00000007ffc00000, 0x00000007ffc00000|100%| O|  |TAMS 0x00000007ff800000| PB 0x00000007ff800000| Untracked 
|1517|0x00000007ffc00000, 0x0000000800000000, 0x0000000800000000|100%| O|  |TAMS 0x00000007ffc00000| PB 0x00000007ffc00000| Untracked 

Card table byte_map: [0x00000169d0dd0000,0x00000169d19b0000] _byte_map_base: 0x00000169cd9ac000

Marking Bits: (CMBitMap*) 0x00000169bdba9e40
 Bits: [0x00000169d19b0000, 0x00000169d7890000)

Polling page: 0x00000169bb950000

Metaspace:

Usage:
  Non-class:     74.41 MB used.
      Class:      8.87 MB used.
       Both:     83.28 MB used.

Virtual space:
  Non-class space:      128.00 MB reserved,      74.81 MB ( 58%) committed,  2 nodes.
      Class space:        1.00 GB reserved,       9.25 MB ( <1%) committed,  1 nodes.
             Both:        1.12 GB reserved,      84.06 MB (  7%) committed. 

Chunk freelists:
   Non-Class:  4.84 MB
       Class:  6.59 MB
        Both:  11.44 MB

MaxMetaspaceSize: unlimited
CompressedClassSpaceSize: 1.00 GB
Initial GC threshold: 21.00 MB
Current GC threshold: 127.62 MB
CDS: off
 - commit_granule_bytes: 65536.
 - commit_granule_words: 8192.
 - virtual_space_node_default_size: 8388608.
 - enlarge_chunks_in_place: 1.
 - use_allocation_guard: 0.


Internal statistics:

num_allocs_failed_limit: 6.
num_arena_births: 1472.
num_arena_deaths: 0.
num_vsnodes_births: 3.
num_vsnodes_deaths: 0.
num_space_committed: 1343.
num_space_uncommitted: 0.
num_chunks_returned_to_freelist: 6.
num_chunks_taken_from_freelist: 4461.
num_chunk_merges: 6.
num_chunk_splits: 3358.
num_chunks_enlarged: 2594.
num_inconsistent_stats: 0.

CodeHeap 'non-profiled nmethods': size=120000Kb used=13741Kb max_used=13741Kb free=106259Kb
 bounds [0x00000169c8760000, 0x00000169c94d0000, 0x00000169cfc90000]
CodeHeap 'profiled nmethods': size=120000Kb used=51660Kb max_used=51660Kb free=68339Kb
 bounds [0x00000169c0c90000, 0x00000169c3f10000, 0x00000169c81c0000]
CodeHeap 'non-nmethods': size=5760Kb used=1652Kb max_used=1698Kb free=4107Kb
 bounds [0x00000169c81c0000, 0x00000169c8430000, 0x00000169c8760000]
CodeCache: size=245760Kb, used=67053Kb, max_used=67099Kb, free=178705Kb
 total_blobs=17207, nmethods=16422, adapters=685, full_count=0
Compilation: enabled, stopped_count=0, restarted_count=0

Compilation events (20 events):
Event: 58.224 Thread 0x00000169da74fcf0 nmethod 20125 0x00000169c3eb5d10 code [0x00000169c3eb5f40, 0x00000169c3eb6370]
Event: 58.224 Thread 0x00000169da74fcf0 20115       3       org.jetbrains.kotlin.ir.visitors.IrElementTransformer$DefaultImpls::visitConstructorCall (18 bytes)
Event: 58.225 Thread 0x00000169da74fcf0 nmethod 20115 0x00000169c3eb6690 code [0x00000169c3eb68c0, 0x00000169c3eb6f40]
Event: 58.225 Thread 0x00000169da74fcf0 20116       3       org.jetbrains.kotlin.ir.visitors.IrElementTransformer$DefaultImpls::visitDelegatingConstructorCall (18 bytes)
Event: 58.225 Thread 0x00000169da74fcf0 nmethod 20116 0x00000169c3eb7210 code [0x00000169c3eb7440, 0x00000169c3eb7ac0]
Event: 58.225 Thread 0x00000169da74fcf0 20070       3       org.jetbrains.kotlin.backend.common.phaser.PhaseConfig::isEnabled (17 bytes)
Event: 58.226 Thread 0x00000169da74fcf0 nmethod 20070 0x00000169c3eb7d90 code [0x00000169c3eb7fc0, 0x00000169c3eb8660]
Event: 58.226 Thread 0x00000169da74fcf0 20126       3       org.jetbrains.kotlin.backend.jvm.lower.ToArrayLoweringKt$isCollectionSubClass$2::invoke (9 bytes)
Event: 58.226 Thread 0x00000169da74fcf0 nmethod 20126 0x00000169c3eb8910 code [0x00000169c3eb8c00, 0x00000169c3eb9980]
Event: 58.226 Thread 0x00000169da74fcf0 20130       2       org.jetbrains.kotlin.utils.DFS::dfs (77 bytes)
Event: 58.227 Thread 0x00000169da74fcf0 nmethod 20130 0x00000169c3eb9e10 code [0x00000169c3eba020, 0x00000169c3eba2f8]
Event: 58.227 Thread 0x00000169da74fcf0 20127       3       org.jetbrains.kotlin.backend.jvm.lower.ToArrayLoweringKt$$Lambda/0x000000080092f9d0::getNeighbors (8 bytes)
Event: 58.228 Thread 0x00000169da74fcf0 nmethod 20127 0x00000169c3eba510 code [0x00000169c3eba820, 0x00000169c3ebb8b8]
Event: 58.228 Thread 0x00000169da74fcf0 20128       3       org.jetbrains.kotlin.backend.jvm.lower.ToArrayLoweringKt::_get_isCollectionSubClass_$lambda$2 (33 bytes)
Event: 58.228 Thread 0x00000169da74fcf0 nmethod 20128 0x00000169c3ebbd90 code [0x00000169c3ebc080, 0x00000169c3ebcfa8]
Event: 58.228 Thread 0x00000169da74fcf0 20129       3       org.jetbrains.kotlin.backend.jvm.lower.ToArrayLoweringKt$isCollectionSubClass$2::invoke (12 bytes)
Event: 58.229 Thread 0x00000169da74fcf0 nmethod 20129 0x00000169c3ebd410 code [0x00000169c3ebd6e0, 0x00000169c3ebe310]
Event: 58.229 Thread 0x00000169da74fcf0 20071       3       org.jetbrains.kotlin.backend.common.phaser.NamedCompilerPhase::phaseBody (33 bytes)
Event: 58.230 Thread 0x00000169da74fcf0 nmethod 20071 0x00000169c3ebe790 code [0x00000169c3ebeaa0, 0x00000169c3ebfa48]
Event: 58.230 Thread 0x00000169da74fcf0 20131       3       org.jetbrains.kotlin.backend.jvm.lower.ToArrayLowering::lower (185 bytes)

GC Heap History (20 events):
Event: 40.208 GC heap before
{Heap before GC invocations=23 (full 0):
 garbage-first heap   total 172032K, used 149849K [0x0000000684800000, 0x0000000800000000)
  region size 4096K, 13 young (53248K), 1 survivors (4096K)
 Metaspace       used 60900K, committed 61568K, reserved 1114112K
  class space    used 6823K, committed 7168K, reserved 1048576K
}
Event: 40.214 GC heap after
{Heap after GC invocations=24 (full 0):
 garbage-first heap   total 172032K, used 103444K [0x0000000684800000, 0x0000000800000000)
  region size 4096K, 2 young (8192K), 2 survivors (8192K)
 Metaspace       used 60900K, committed 61568K, reserved 1114112K
  class space    used 6823K, committed 7168K, reserved 1048576K
}
Event: 43.420 GC heap before
{Heap before GC invocations=24 (full 0):
 garbage-first heap   total 172032K, used 152596K [0x0000000684800000, 0x0000000800000000)
  region size 4096K, 14 young (57344K), 2 survivors (8192K)
 Metaspace       used 61327K, committed 62016K, reserved 1114112K
  class space    used 6847K, committed 7168K, reserved 1048576K
}
Event: 43.436 GC heap after
{Heap after GC invocations=25 (full 0):
 garbage-first heap   total 172032K, used 105999K [0x0000000684800000, 0x0000000800000000)
  region size 4096K, 2 young (8192K), 2 survivors (8192K)
 Metaspace       used 61327K, committed 62016K, reserved 1114112K
  class space    used 6847K, committed 7168K, reserved 1048576K
}
Event: 46.046 GC heap before
{Heap before GC invocations=25 (full 0):
 garbage-first heap   total 172032K, used 155151K [0x0000000684800000, 0x0000000800000000)
  region size 4096K, 14 young (57344K), 2 survivors (8192K)
 Metaspace       used 61447K, committed 62144K, reserved 1114112K
  class space    used 6848K, committed 7168K, reserved 1048576K
}
Event: 46.059 GC heap after
{Heap after GC invocations=26 (full 0):
 garbage-first heap   total 172032K, used 108436K [0x0000000684800000, 0x0000000800000000)
  region size 4096K, 2 young (8192K), 2 survivors (8192K)
 Metaspace       used 61447K, committed 62144K, reserved 1114112K
  class space    used 6848K, committed 7168K, reserved 1048576K
}
Event: 47.951 GC heap before
{Heap before GC invocations=27 (full 0):
 garbage-first heap   total 184320K, used 157588K [0x0000000684800000, 0x0000000800000000)
  region size 4096K, 14 young (57344K), 2 survivors (8192K)
 Metaspace       used 61576K, committed 62272K, reserved 1114112K
  class space    used 6850K, committed 7168K, reserved 1048576K
}
Event: 47.961 GC heap after
{Heap after GC invocations=28 (full 0):
 garbage-first heap   total 184320K, used 112325K [0x0000000684800000, 0x0000000800000000)
  region size 4096K, 2 young (8192K), 2 survivors (8192K)
 Metaspace       used 61576K, committed 62272K, reserved 1114112K
  class space    used 6850K, committed 7168K, reserved 1048576K
}
Event: 49.236 GC heap before
{Heap before GC invocations=28 (full 0):
 garbage-first heap   total 184320K, used 169669K [0x0000000684800000, 0x0000000800000000)
  region size 4096K, 16 young (65536K), 2 survivors (8192K)
 Metaspace       used 62923K, committed 63616K, reserved 1114112K
  class space    used 6975K, committed 7296K, reserved 1048576K
}
Event: 49.252 GC heap after
{Heap after GC invocations=29 (full 0):
 garbage-first heap   total 188416K, used 113628K [0x0000000684800000, 0x0000000800000000)
  region size 4096K, 2 young (8192K), 2 survivors (8192K)
 Metaspace       used 62923K, committed 63616K, reserved 1114112K
  class space    used 6975K, committed 7296K, reserved 1048576K
}
Event: 50.194 GC heap before
{Heap before GC invocations=29 (full 0):
 garbage-first heap   total 188416K, used 170972K [0x0000000684800000, 0x0000000800000000)
  region size 4096K, 16 young (65536K), 2 survivors (8192K)
 Metaspace       used 65759K, committed 66560K, reserved 1114112K
  class space    used 7275K, committed 7680K, reserved 1048576K
}
Event: 50.212 GC heap after
{Heap after GC invocations=30 (full 0):
 garbage-first heap   total 188416K, used 115466K [0x0000000684800000, 0x0000000800000000)
  region size 4096K, 1 young (4096K), 1 survivors (4096K)
 Metaspace       used 65759K, committed 66560K, reserved 1114112K
  class space    used 7275K, committed 7680K, reserved 1048576K
}
Event: 52.452 GC heap before
{Heap before GC invocations=31 (full 0):
 garbage-first heap   total 200704K, used 172810K [0x0000000684800000, 0x0000000800000000)
  region size 4096K, 15 young (61440K), 1 survivors (4096K)
 Metaspace       used 71604K, committed 72384K, reserved 1114112K
  class space    used 7872K, committed 8256K, reserved 1048576K
}
Event: 52.465 GC heap after
{Heap after GC invocations=32 (full 0):
 garbage-first heap   total 200704K, used 120771K [0x0000000684800000, 0x0000000800000000)
  region size 4096K, 2 young (8192K), 2 survivors (8192K)
 Metaspace       used 71604K, committed 72384K, reserved 1114112K
  class space    used 7872K, committed 8256K, reserved 1048576K
}
Event: 53.877 GC heap before
{Heap before GC invocations=32 (full 0):
 garbage-first heap   total 200704K, used 182211K [0x0000000684800000, 0x0000000800000000)
  region size 4096K, 17 young (69632K), 2 survivors (8192K)
 Metaspace       used 73382K, committed 74240K, reserved 1179648K
  class space    used 8013K, committed 8448K, reserved 1048576K
}
Event: 53.916 GC heap after
{Heap after GC invocations=33 (full 0):
 garbage-first heap   total 212992K, used 135476K [0x0000000684800000, 0x0000000800000000)
  region size 4096K, 3 young (12288K), 3 survivors (12288K)
 Metaspace       used 73382K, committed 74240K, reserved 1179648K
  class space    used 8013K, committed 8448K, reserved 1048576K
}
Event: 55.449 GC heap before
{Heap before GC invocations=33 (full 0):
 garbage-first heap   total 212992K, used 184628K [0x0000000684800000, 0x0000000800000000)
  region size 4096K, 15 young (61440K), 3 survivors (12288K)
 Metaspace       used 77513K, committed 78400K, reserved 1179648K
  class space    used 8413K, committed 8832K, reserved 1048576K
}
Event: 55.472 GC heap after
{Heap after GC invocations=34 (full 0):
 garbage-first heap   total 212992K, used 141886K [0x0000000684800000, 0x0000000800000000)
  region size 4096K, 2 young (8192K), 2 survivors (8192K)
 Metaspace       used 77513K, committed 78400K, reserved 1179648K
  class space    used 8413K, committed 8832K, reserved 1048576K
}
Event: 57.597 GC heap before
{Heap before GC invocations=35 (full 0):
 garbage-first heap   total 245760K, used 186942K [0x0000000684800000, 0x0000000800000000)
  region size 4096K, 13 young (53248K), 2 survivors (8192K)
 Metaspace       used 84579K, committed 85376K, reserved 1179648K
  class space    used 9063K, committed 9472K, reserved 1048576K
}
Event: 57.604 GC heap after
{Heap after GC invocations=36 (full 0):
 garbage-first heap   total 245760K, used 144499K [0x0000000684800000, 0x0000000800000000)
  region size 4096K, 1 young (4096K), 1 survivors (4096K)
 Metaspace       used 84579K, committed 85376K, reserved 1179648K
  class space    used 9063K, committed 9472K, reserved 1048576K
}

Dll operation events (3 events):
Event: 0.011 Loaded shared library C:\Program Files\Android\Android Studio\jbr\bin\java.dll
Event: 0.016 Loaded shared library C:\Program Files\Android\Android Studio\jbr\bin\zip.dll
Event: 1.043 Loaded shared library C:\Program Files\Android\Android Studio\jbr\bin\verify.dll

Deoptimization events (20 events):
Event: 58.223 Thread 0x00000169bdb295c0 Uncommon trap: trap_request=0xffffffde fr.pc=0x00000169c90241f8 relative=0x0000000000000778
Event: 58.223 Thread 0x00000169bdb295c0 Uncommon trap: reason=class_check action=maybe_recompile pc=0x00000169c90241f8 method=org.jetbrains.kotlin.utils.DFS.dfs(Ljava/util/Collection;Lorg/jetbrains/kotlin/utils/DFS$Neighbors;Lorg/jetbrains/kotlin/utils/DFS$Visited;Lorg/jetbrains/kotlin/utils/DF
Event: 58.223 Thread 0x00000169bdb295c0 DEOPT PACKING pc=0x00000169c90241f8 sp=0x0000003980bfd280
Event: 58.223 Thread 0x00000169bdb295c0 DEOPT UNPACKING pc=0x00000169c8214422 sp=0x0000003980bfd240 mode 2
Event: 58.223 Thread 0x00000169bdb295c0 Uncommon trap: trap_request=0xffffffde fr.pc=0x00000169c90e19b8 relative=0x0000000000000178
Event: 58.223 Thread 0x00000169bdb295c0 Uncommon trap: reason=class_check action=maybe_recompile pc=0x00000169c90e19b8 method=org.jetbrains.kotlin.ir.symbols.FqNameEqualityChecker.getHashCode(Lorg/jetbrains/kotlin/ir/symbols/IrClassifierSymbol;)I @ 7 c2
Event: 58.223 Thread 0x00000169bdb295c0 DEOPT PACKING pc=0x00000169c90e19b8 sp=0x0000003980bfd050
Event: 58.223 Thread 0x00000169bdb295c0 DEOPT UNPACKING pc=0x00000169c8214422 sp=0x0000003980bfcf90 mode 2
Event: 58.223 Thread 0x00000169bdb295c0 Uncommon trap: trap_request=0xffffffde fr.pc=0x00000169c90241f8 relative=0x0000000000000778
Event: 58.223 Thread 0x00000169bdb295c0 Uncommon trap: reason=class_check action=maybe_recompile pc=0x00000169c90241f8 method=org.jetbrains.kotlin.utils.DFS.dfs(Ljava/util/Collection;Lorg/jetbrains/kotlin/utils/DFS$Neighbors;Lorg/jetbrains/kotlin/utils/DFS$Visited;Lorg/jetbrains/kotlin/utils/DF
Event: 58.223 Thread 0x00000169bdb295c0 DEOPT PACKING pc=0x00000169c90241f8 sp=0x0000003980bfd280
Event: 58.223 Thread 0x00000169bdb295c0 DEOPT UNPACKING pc=0x00000169c8214422 sp=0x0000003980bfd240 mode 2
Event: 58.223 Thread 0x00000169bdb295c0 Uncommon trap: trap_request=0xffffffde fr.pc=0x00000169c90e19b8 relative=0x0000000000000178
Event: 58.223 Thread 0x00000169bdb295c0 Uncommon trap: reason=class_check action=maybe_recompile pc=0x00000169c90e19b8 method=org.jetbrains.kotlin.ir.symbols.FqNameEqualityChecker.getHashCode(Lorg/jetbrains/kotlin/ir/symbols/IrClassifierSymbol;)I @ 7 c2
Event: 58.223 Thread 0x00000169bdb295c0 DEOPT PACKING pc=0x00000169c90e19b8 sp=0x0000003980bfd050
Event: 58.223 Thread 0x00000169bdb295c0 DEOPT UNPACKING pc=0x00000169c8214422 sp=0x0000003980bfcf90 mode 2
Event: 58.223 Thread 0x00000169bdb295c0 Uncommon trap: trap_request=0xffffffde fr.pc=0x00000169c90e19b8 relative=0x0000000000000178
Event: 58.223 Thread 0x00000169bdb295c0 Uncommon trap: reason=class_check action=maybe_recompile pc=0x00000169c90e19b8 method=org.jetbrains.kotlin.ir.symbols.FqNameEqualityChecker.getHashCode(Lorg/jetbrains/kotlin/ir/symbols/IrClassifierSymbol;)I @ 7 c2
Event: 58.223 Thread 0x00000169bdb295c0 DEOPT PACKING pc=0x00000169c90e19b8 sp=0x0000003980bfd050
Event: 58.223 Thread 0x00000169bdb295c0 DEOPT UNPACKING pc=0x00000169c8214422 sp=0x0000003980bfcf90 mode 2

Classes loaded (20 events):
Event: 57.011 Loading class sun/security/provider/MD5
Event: 57.011 Loading class sun/security/provider/DigestBase
Event: 57.012 Loading class sun/security/provider/DigestBase done
Event: 57.012 Loading class sun/security/provider/MD5 done
Event: 57.012 Loading class sun/security/jca/GetInstance$Instance
Event: 57.012 Loading class sun/security/jca/GetInstance$Instance done
Event: 57.012 Loading class java/security/MessageDigest$Delegate
Event: 57.013 Loading class sun/security/util/MessageDigestSpi2
Event: 57.013 Loading class sun/security/util/MessageDigestSpi2 done
Event: 57.013 Loading class java/security/MessageDigest$Delegate done
Event: 57.013 Loading class java/security/MessageDigest$Delegate$CloneableDelegate
Event: 57.013 Loading class java/security/MessageDigest$Delegate$CloneableDelegate done
Event: 57.013 Loading class sun/security/provider/ByteArrayAccess
Event: 57.013 Loading class sun/security/provider/ByteArrayAccess done
Event: 57.013 Loading class sun/security/provider/ByteArrayAccess$LE
Event: 57.013 Loading class sun/security/provider/ByteArrayAccess$LE done
Event: 57.014 Loading class java/util/Base64
Event: 57.014 Loading class java/util/Base64 done
Event: 57.014 Loading class java/util/Base64$Encoder
Event: 57.014 Loading class java/util/Base64$Encoder done

Classes unloaded (0 events):
No events

Classes redefined (0 events):
No events

Internal exceptions (20 events):
Event: 49.821 Thread 0x00000169bdb295c0 Exception <a 'java/lang/NoSuchMethodError'{0x000000068c8d7e28}: 'java.lang.Object java.lang.invoke.DirectMethodHandle$Holder.invokeStaticInit(java.lang.Object, java.lang.Object, java.lang.Object, java.lang.Object)'> (0x000000068c8d7e28) 
thrown [s\src\hotspot\share\interpreter\linkResolver.cpp, line 784]
Event: 50.282 Thread 0x00000169bdb295c0 Implicit null exception at 0x00000169c8bef7c1 to 0x00000169c8bef92c
Event: 50.655 Thread 0x00000169bdb295c0 Implicit null exception at 0x00000169c882f742 to 0x00000169c882fa20
Event: 50.685 Thread 0x00000169bdb295c0 Exception <a 'java/lang/NoSuchMethodError'{0x000000068f82d580}: 'java.lang.Object java.lang.invoke.DirectMethodHandle$Holder.invokeStatic(java.lang.Object, java.lang.Object, java.lang.Object, int, int, java.lang.Object, java.lang.Object, java.lang.Object, java.lang.Object)'> (0x000000068f82d580) 
thrown [s\src\hotspot\share\interpreter\linkResolver.cpp, line 784]
Event: 50.685 Thread 0x00000169bdb295c0 Exception <a 'java/lang/NoSuchMethodError'{0x000000068f836140}: 'java.lang.Object java.lang.invoke.DirectMethodHandle$Holder.newInvokeSpecial(java.lang.Object, java.lang.Object, java.lang.Object, int, int, java.lang.Object)'> (0x000000068f836140) 
thrown [s\src\hotspot\share\interpreter\linkResolver.cpp, line 784]
Event: 50.686 Thread 0x00000169bdb295c0 Exception <a 'java/lang/NoSuchMethodError'{0x000000068f83d5e8}: 'java.lang.Object java.lang.invoke.Invokers$Holder.linkToTargetMethod(java.lang.Object, java.lang.Object, int, int, java.lang.Object, java.lang.Object)'> (0x000000068f83d5e8) 
thrown [s\src\hotspot\share\interpreter\linkResolver.cpp, line 784]
Event: 50.946 Thread 0x00000169bdb295c0 Exception <a 'java/lang/NoSuchMethodError'{0x000000068fab8510}: 'java.lang.Object java.lang.invoke.DirectMethodHandle$Holder.newInvokeSpecial(java.lang.Object, java.lang.Object, int, int, java.lang.Object, java.lang.Object, java.lang.Object)'> (0x000000068fab8510) 
thrown [s\src\hotspot\share\interpreter\linkResolver.cpp, line 784]
Event: 51.041 Thread 0x00000169bdb295c0 Exception <a 'java/lang/NoSuchMethodError'{0x000000068f42cee8}: 'java.lang.Object java.lang.invoke.DirectMethodHandle$Holder.invokeSpecial(java.lang.Object, java.lang.Object, int, int, java.lang.Object, java.lang.Object, java.lang.Object, java.lang.Object, java.lang.Object)'> (0x000000068f42cee8) 
thrown [s\src\hotspot\share\interpreter\linkResolver.cpp, line 784]
Event: 51.885 Thread 0x00000169bdb295c0 Exception <a 'java/lang/NoSuchMethodError'{0x000000068e57e5f0}: 'java.lang.Object java.lang.invoke.DirectMethodHandle$Holder.invokeStatic(java.lang.Object, java.lang.Object, java.lang.Object, int, int, java.lang.Object, java.lang.Object, java.lang.Object)'> (0x000000068e57e5f0) 
thrown [s\src\hotspot\share\interpreter\linkResolver.cpp, line 784]
Event: 51.886 Thread 0x00000169bdb295c0 Exception <a 'java/lang/NoSuchMethodError'{0x000000068e586490}: 'java.lang.Object java.lang.invoke.DirectMethodHandle$Holder.newInvokeSpecial(java.lang.Object, java.lang.Object, java.lang.Object, int, int)'> (0x000000068e586490) 
thrown [s\src\hotspot\share\interpreter\linkResolver.cpp, line 784]
Event: 51.886 Thread 0x00000169bdb295c0 Exception <a 'java/lang/NoSuchMethodError'{0x000000068e58a030}: 'java.lang.Object java.lang.invoke.DirectMethodHandle$Holder.invokeSpecial(java.lang.Object, java.lang.Object, java.lang.Object, java.lang.Object, int, int)'> (0x000000068e58a030) 
thrown [s\src\hotspot\share\interpreter\linkResolver.cpp, line 784]
Event: 51.886 Thread 0x00000169bdb295c0 Exception <a 'java/lang/NoSuchMethodError'{0x000000068e58d808}: 'java.lang.Object java.lang.invoke.Invokers$Holder.linkToTargetMethod(java.lang.Object, java.lang.Object, int, int, java.lang.Object)'> (0x000000068e58d808) 
thrown [s\src\hotspot\share\interpreter\linkResolver.cpp, line 784]
Event: 51.911 Thread 0x00000169bdb295c0 Implicit null exception at 0x00000169c906da35 to 0x00000169c906e0dc
Event: 52.767 Thread 0x00000169bdb295c0 Implicit null exception at 0x00000169c92472e6 to 0x00000169c92477f0
Event: 54.502 Thread 0x00000169bdb295c0 Implicit null exception at 0x00000169c8f15724 to 0x00000169c8f15d14
Event: 55.379 Thread 0x00000169bdb295c0 Implicit null exception at 0x00000169c88fa09b to 0x00000169c88faae0
Event: 55.423 Thread 0x00000169bdb295c0 Implicit null exception at 0x00000169c9363f37 to 0x00000169c9364fa4
Event: 55.583 Thread 0x00000169da6e4180 Implicit null exception at 0x00000169c8c56704 to 0x00000169c8c570e0
Event: 56.655 Thread 0x00000169bdb295c0 Implicit null exception at 0x00000169c902a962 to 0x00000169c902b339
Event: 56.656 Thread 0x00000169bdb295c0 Implicit null exception at 0x00000169c8ff5685 to 0x00000169c8ff6059

ZGC Phase Switch (0 events):
No events

VM Operations (20 events):
Event: 56.632 Executing safepoint VM operation: ICBufferFull
Event: 56.632 Executing safepoint VM operation: ICBufferFull done
Event: 56.751 Executing non-safepoint VM operation: HandshakeAllThreads (Deoptimize)
Event: 56.751 Executing non-safepoint VM operation: HandshakeAllThreads (Deoptimize) done
Event: 56.767 Executing non-safepoint VM operation: HandshakeAllThreads (Deoptimize)
Event: 56.767 Executing non-safepoint VM operation: HandshakeAllThreads (Deoptimize) done
Event: 56.831 Executing non-safepoint VM operation: HandshakeAllThreads (Deoptimize)
Event: 56.831 Executing non-safepoint VM operation: HandshakeAllThreads (Deoptimize) done
Event: 57.040 Executing safepoint VM operation: ICBufferFull
Event: 57.040 Executing safepoint VM operation: ICBufferFull done
Event: 57.297 Executing safepoint VM operation: ICBufferFull
Event: 57.297 Executing safepoint VM operation: ICBufferFull done
Event: 57.485 Executing safepoint VM operation: ICBufferFull
Event: 57.486 Executing safepoint VM operation: ICBufferFull done
Event: 57.597 Executing safepoint VM operation: G1CollectForAllocation (G1 Evacuation Pause)
Event: 57.604 Executing safepoint VM operation: G1CollectForAllocation (G1 Evacuation Pause) done
Event: 57.783 Executing safepoint VM operation: ICBufferFull
Event: 57.784 Executing safepoint VM operation: ICBufferFull done
Event: 58.087 Executing safepoint VM operation: ICBufferFull
Event: 58.087 Executing safepoint VM operation: ICBufferFull done

Memory protections (0 events):
No events

Nmethod flushes (20 events):
Event: 55.581 Thread 0x00000169da6a4830 flushing  nmethod 0x00000169c2636190
Event: 55.581 Thread 0x00000169da6a4830 flushing  nmethod 0x00000169c2697e90
Event: 55.581 Thread 0x00000169da6a4830 flushing  nmethod 0x00000169c2699890
Event: 55.581 Thread 0x00000169da6a4830 flushing  nmethod 0x00000169c2711c90
Event: 55.581 Thread 0x00000169da6a4830 flushing  nmethod 0x00000169c2765510
Event: 55.581 Thread 0x00000169da6a4830 flushing  nmethod 0x00000169c2768610
Event: 55.581 Thread 0x00000169da6a4830 flushing  nmethod 0x00000169c276ed10
Event: 55.581 Thread 0x00000169da6a4830 flushing  nmethod 0x00000169c281d190
Event: 55.581 Thread 0x00000169da6a4830 flushing  nmethod 0x00000169c283c690
Event: 55.581 Thread 0x00000169da6a4830 flushing  nmethod 0x00000169c2844890
Event: 55.581 Thread 0x00000169da6a4830 flushing  nmethod 0x00000169c2939d10
Event: 55.581 Thread 0x00000169da6a4830 flushing  nmethod 0x00000169c293c790
Event: 55.581 Thread 0x00000169da6a4830 flushing  nmethod 0x00000169c2951710
Event: 55.581 Thread 0x00000169da6a4830 flushing  nmethod 0x00000169c29bfc90
Event: 55.581 Thread 0x00000169da6a4830 flushing  nmethod 0x00000169c2ac3410
Event: 55.581 Thread 0x00000169da6a4830 flushing  nmethod 0x00000169c2ac5b90
Event: 55.581 Thread 0x00000169da6a4830 flushing  nmethod 0x00000169c2c13a10
Event: 55.581 Thread 0x00000169da6a4830 flushing  nmethod 0x00000169c2c69190
Event: 55.581 Thread 0x00000169da6a4830 flushing  nmethod 0x00000169c2cc8990
Event: 55.581 Thread 0x00000169da6a4830 flushing  nmethod 0x00000169c2d1be90

Events (20 events):
Event: 16.175 Thread 0x00000169da74fcf0 Thread added: 0x00000169e20e9400
Event: 17.530 Thread 0x00000169e20e9400 Thread exited: 0x00000169e20e9400
Event: 20.859 Thread 0x00000169da74fcf0 Thread added: 0x00000169e20e7f90
Event: 21.405 Thread 0x00000169e20e7f90 Thread exited: 0x00000169e20e7f90
Event: 24.039 Thread 0x00000169da74e260 Thread added: 0x00000169e20e8660
Event: 24.300 Thread 0x00000169e20e8660 Thread exited: 0x00000169e20e8660
Event: 24.630 Thread 0x00000169da74e260 Thread added: 0x00000169e20e8660
Event: 25.043 Thread 0x00000169e20e8660 Thread exited: 0x00000169e20e8660
Event: 37.395 Thread 0x00000169da74fcf0 Thread added: 0x00000169e08721d0
Event: 38.045 Thread 0x00000169e08721d0 Thread exited: 0x00000169e08721d0
Event: 38.381 Thread 0x00000169da74e260 Thread added: 0x00000169e0875850
Event: 38.957 Thread 0x00000169e0875850 Thread exited: 0x00000169e0875850
Event: 41.632 Thread 0x00000169da74fcf0 Thread added: 0x00000169e0872f70
Event: 42.982 Thread 0x00000169e0872f70 Thread exited: 0x00000169e0872f70
Event: 46.164 Thread 0x00000169da74e260 Thread added: 0x00000169e0874ab0
Event: 48.602 Thread 0x00000169da74fcf0 Thread added: 0x00000169e08721d0
Event: 50.121 Thread 0x00000169e08721d0 Thread exited: 0x00000169e08721d0
Event: 50.123 Thread 0x00000169e0874ab0 Thread exited: 0x00000169e0874ab0
Event: 50.821 Thread 0x00000169da74fcf0 Thread added: 0x00000169e0875f20
Event: 51.410 Thread 0x00000169da74fcf0 Thread added: 0x00000169e0872f70


Dynamic libraries:
0x00007ff7ac550000 - 0x00007ff7ac55a000 	C:\Program Files\Android\Android Studio\jbr\bin\java.exe
0x00007ffd56c80000 - 0x00007ffd56ee7000 	C:\WINDOWS\SYSTEM32\ntdll.dll
0x00007ffd560e0000 - 0x00007ffd561ab000 	C:\WINDOWS\System32\KERNEL32.DLL
0x00007ffd53f40000 - 0x00007ffd54342000 	C:\WINDOWS\System32\KERNELBASE.dll
0x00007ffd54350000 - 0x00007ffd5449c000 	C:\WINDOWS\System32\ucrtbase.dll
0x00007ffd3cd40000 - 0x00007ffd3cd58000 	C:\Program Files\Android\Android Studio\jbr\bin\jli.dll
0x00007ffd28b40000 - 0x00007ffd28b5b000 	C:\Program Files\Android\Android Studio\jbr\bin\VCRUNTIME140.dll
0x00007ffd54fb0000 - 0x00007ffd5517f000 	C:\WINDOWS\System32\USER32.dll
0x00007ffd54640000 - 0x00007ffd54667000 	C:\WINDOWS\System32\win32u.dll
0x00007ffd55b10000 - 0x00007ffd55b3b000 	C:\WINDOWS\System32\GDI32.dll
0x00007ffd349f0000 - 0x00007ffd34c80000 	C:\WINDOWS\WinSxS\amd64_microsoft.windows.common-controls_6595b64144ccf1df_6.0.26100.9278_none_3e0d1ba8e3303201\COMCTL32.dll
0x00007ffd547e0000 - 0x00007ffd54909000 	C:\WINDOWS\System32\gdi32full.dll
0x00007ffd55dc0000 - 0x00007ffd55e69000 	C:\WINDOWS\System32\msvcrt.dll
0x00007ffd54730000 - 0x00007ffd547d3000 	C:\WINDOWS\System32\msvcp_win.dll
0x00007ffd55240000 - 0x00007ffd55271000 	C:\WINDOWS\System32\IMM32.DLL
0x00007ffd4beb0000 - 0x00007ffd4bebc000 	C:\Program Files\Android\Android Studio\jbr\bin\vcruntime140_1.dll
0x00007ffccea60000 - 0x00007ffcceaed000 	C:\Program Files\Android\Android Studio\jbr\bin\msvcp140.dll
0x00007ffc0f460000 - 0x00007ffc100f6000 	C:\Program Files\Android\Android Studio\jbr\bin\server\jvm.dll
0x00007ffd55a10000 - 0x00007ffd55acc000 	C:\WINDOWS\System32\ADVAPI32.dll
0x00007ffd54d30000 - 0x00007ffd54dd9000 	C:\WINDOWS\System32\sechost.dll
0x00007ffd55ba0000 - 0x00007ffd55cb8000 	C:\WINDOWS\System32\RPCRT4.dll
0x00007ffd56050000 - 0x00007ffd560d0000 	C:\WINDOWS\System32\WS2_32.dll
0x00007ffd495a0000 - 0x00007ffd495d6000 	C:\WINDOWS\SYSTEM32\WINMM.dll
0x00007ffd53ce0000 - 0x00007ffd53d3e000 	C:\WINDOWS\SYSTEM32\POWRPROF.dll
0x00007ffd39320000 - 0x00007ffd3932b000 	C:\WINDOWS\SYSTEM32\VERSION.dll
0x00007ffd53cc0000 - 0x00007ffd53cd5000 	C:\WINDOWS\SYSTEM32\UMPDC.dll
0x00007ffd52b50000 - 0x00007ffd52b6b000 	C:\WINDOWS\SYSTEM32\kernel.appcore.dll
0x00007ffd3cd30000 - 0x00007ffd3cd3a000 	C:\Program Files\Android\Android Studio\jbr\bin\jimage.dll
0x00007ffd513c0000 - 0x00007ffd5160c000 	C:\WINDOWS\SYSTEM32\DBGHELP.DLL
0x00007ffd549a0000 - 0x00007ffd54d25000 	C:\WINDOWS\System32\combase.dll
0x00007ffd558a0000 - 0x00007ffd55979000 	C:\WINDOWS\System32\OLEAUT32.dll
0x00007ffd2eb40000 - 0x00007ffd2eb7b000 	C:\WINDOWS\SYSTEM32\dbgcore.DLL
0x00007ffd53e80000 - 0x00007ffd53f2c000 	C:\WINDOWS\System32\bcryptPrimitives.dll
0x00007ffd1e3e0000 - 0x00007ffd1e400000 	C:\Program Files\Android\Android Studio\jbr\bin\java.dll
0x00007ffd1d7d0000 - 0x00007ffd1d7e8000 	C:\Program Files\Android\Android Studio\jbr\bin\zip.dll
0x00007ffd564a0000 - 0x00007ffd56c38000 	C:\WINDOWS\System32\SHELL32.dll
0x00007ffd518b0000 - 0x00007ffd5215e000 	C:\WINDOWS\SYSTEM32\windows.storage.dll
0x00007ffd55cc0000 - 0x00007ffd55dbb000 	C:\WINDOWS\System32\SHCORE.dll
0x00007ffd551d0000 - 0x00007ffd55236000 	C:\WINDOWS\System32\shlwapi.dll
0x00007ffd53da0000 - 0x00007ffd53dc9000 	C:\WINDOWS\SYSTEM32\profapi.dll
0x00007ffd32b80000 - 0x00007ffd32b90000 	C:\Program Files\Android\Android Studio\jbr\bin\net.dll
0x00007ffd49450000 - 0x00007ffd4957a000 	C:\WINDOWS\SYSTEM32\WINHTTP.dll
0x00007ffd53110000 - 0x00007ffd5317c000 	C:\WINDOWS\system32\mswsock.dll
0x00007ffd1d7b0000 - 0x00007ffd1d7c6000 	C:\Program Files\Android\Android Studio\jbr\bin\nio.dll
0x00007ffd1d770000 - 0x00007ffd1d780000 	C:\Program Files\Android\Android Studio\jbr\bin\verify.dll

JVMTI agents: none

dbghelp: loaded successfully - version: 4.0.5 - missing functions: none
symbol engine: initialized successfully - sym options: 0x614 - pdb path: .;C:\Program Files\Android\Android Studio\jbr\bin;C:\WINDOWS\SYSTEM32;C:\WINDOWS\WinSxS\amd64_microsoft.windows.common-controls_6595b64144ccf1df_6.0.26100.9278_none_3e0d1ba8e3303201;C:\Program Files\Android\Android Studio\jbr\bin\server

VM Arguments:
java_command: org.jetbrains.kotlin.cli.jvm.K2JVMCompiler @C:\Users\linux\AndroidStudioProjects\andriod-\app\build\20260930_13138691733584699767.compiler.options
java_class_path (initial): C:\Users\linux\.gradle\caches\modules-2\files-2.1\org.jetbrains.kotlin\kotlin-compiler-embeddable\1.9.23\460f3eeb4ac5383e60a09898bafa9b63838cc2ea\kotlin-compiler-embeddable-1.9.23.jar;C:\Users\linux\.gradle\caches\modules-2\files-2.1\org.jetbrains.kotlin\kotlin-stdlib\1.9.23\dbaadea1f5e68f790d242a91a38355a83ec38747\kotlin-stdlib-1.9.23.jar;C:\Users\linux\.gradle\caches\modules-2\files-2.1\org.jetbrains.kotlin\kotlin-script-runtime\1.9.23\1375a7343d05891119fac57f8b50a7578420ac27\kotlin-script-runtime-1.9.23.jar;C:\Users\linux\.gradle\caches\modules-2\files-2.1\org.jetbrains.kotlin\kotlin-reflect\1.6.10\1cbe9c92c12a94eea200d23c2bbaedaf3daf5132\kotlin-reflect-1.6.10.jar;C:\Users\linux\.gradle\caches\modules-2\files-2.1\org.jetbrains.kotlin\kotlin-daemon-embeddable\1.9.23\a6ad5e888015dc4f9eb828ea753167f256093c6a\kotlin-daemon-embeddable-1.9.23.jar;C:\Users\linux\.gradle\caches\modules-2\files-2.1\org.jetbrains.intellij.deps\trove4j\1.0.20200330\3afb14d5f9ceb459d724e907a21145e8ff394f02\trove4j-1.0.20200330.jar;C:\Users\linux\.gradle\caches\modules-2\files-2.1\org.jetbrains\annotations\13.0\919f0dfe192fb4e063e7dacadee7f8bb9a2672a9\annotations-13.0.jar
Launcher Type: SUN_STANDARD

[Global flags]
     intx CICompilerCount                          = 4                                         {product} {ergonomic}
     uint ConcGCThreads                            = 3                                         {product} {ergonomic}
     uint G1ConcRefinementThreads                  = 10                                        {product} {ergonomic}
   size_t G1HeapRegionSize                         = 4194304                                   {product} {ergonomic}
    uintx GCDrainStackTargetSize                   = 64                                        {product} {ergonomic}
   size_t InitialHeapSize                          = 398458880                                 {product} {ergonomic}
   size_t MarkStackSize                            = 4194304                                   {product} {ergonomic}
   size_t MaxHeapSize                              = 6366953472                                {product} {ergonomic}
   size_t MaxNewSize                               = 3816816640                                {product} {ergonomic}
   size_t MinHeapDeltaBytes                        = 4194304                                   {product} {ergonomic}
   size_t MinHeapSize                              = 8388608                                   {product} {ergonomic}
    uintx NonNMethodCodeHeapSize                   = 5839372                                {pd product} {ergonomic}
    uintx NonProfiledCodeHeapSize                  = 122909434                              {pd product} {ergonomic}
    uintx ProfiledCodeHeapSize                     = 122909434                              {pd product} {ergonomic}
    uintx ReservedCodeCacheSize                    = 251658240                              {pd product} {ergonomic}
     bool SegmentedCodeCache                       = true                                      {product} {ergonomic}
   size_t SoftMaxHeapSize                          = 6366953472                             {manageable} {ergonomic}
     bool UseCompressedOops                        = true                           {product lp64_product} {ergonomic}
     bool UseG1GC                                  = true                                      {product} {ergonomic}
     bool UseLargePagesIndividualAllocation        = false                                  {pd product} {ergonomic}

Logging:
Log output configuration:
 #0: stdout all=warning uptime,level,tags foldmultilines=false
 #1: stderr all=off uptime,level,tags foldmultilines=false

Release file:
JAVA_VERSION="21.0.10" 
MODULES="java.base java.compiler java.datatransfer java.xml java.prefs java.desktop java.instrument java.logging java.management java.security.sasl java.naming java.rmi java.management.rmi java.net.http java.scripting java.security.jgss java.transaction.xa java.sql java.sql.rowset java.xml.crypto java.se java.smartcardio jdk.accessibility jdk.internal.jvmstat jdk.attach jdk.charsets jdk.internal.opt jdk.zipfs jdk.compiler jdk.crypto.ec jdk.crypto.cryptoki jdk.dynalink jdk.hotspot.agent jdk.httpserver jdk.internal.ed jdk.internal.le jdk.internal.vm.ci jdk.jartool jdk.javadoc jdk.jcmd jdk.jdeps jdk.jdwp.agent jdk.jdi jdk.jfr jdk.jlink jdk.jsobject jdk.localedata jdk.management jdk.management.agent jdk.management.jfr jdk.naming.dns jdk.naming.rmi jdk.net jdk.sctp jdk.security.auth jdk.security.jgss jdk.unsupported jdk.unsupported.desktop jdk.xml.dom" 
IMPLEMENTOR="JetBrains s.r.o." 
JAVA_RUNTIME_VERSION="21.0.10+-14961533-b1163.108" 
LIBC="default" 
OS_ARCH="x86_64" 
OS_NAME="Windows" 
SOURCE=".:git:1351622c2ff2" 

Environment Variables:
PATH=C:\Program Files (x86)\NVIDIA Corporation\PhysX\Common;C:\WINDOWS\system32;C:\WINDOWS;C:\WINDOWS\System32\Wbem;C:\WINDOWS\System32\WindowsPowerShell\v1.0\;C:\WINDOWS\System32\OpenSSH\;C:\Program Files\dotnet\;C:\Program Files\nodejs\;C:\Program Files\Git\cmd;C:\Program Files\Cloudflare\Cloudflare WARP\;C:\Program Files\MySQL\MySQL Shell 8.0\bin\;C:\Users\linux\AppData\Local\Microsoft\WindowsApps;C:\Program Files\MySQL\MySQL Server 8.0\bin;C:\Users\linux\AppData\Local\Programs\Microsoft VS Code\bin;C:\Users\linux\AppData\Roaming\npm;C:\Users\linux\AppData\Local\GitHubDesktop\bin;C:\Users\linux\AppData\Local\Programs\Antigravity\bin;C:\Users\linux\AppData\Local\spicetify
USERNAME=linux
OS=Windows_NT
PROCESSOR_IDENTIFIER=Intel64 Family 6 Model 154 Stepping 4, GenuineIntel
TMP=C:\Users\linux\AppData\Local\Temp
TEMP=C:\Users\linux\AppData\Local\Temp




Periodic native trim disabled

JNI global refs:
JNI global refs: 14, weak refs: 22

JNI global refs memory usage: 835, weak refs: 833

Process memory usage:
Resident Set Size: 530708K (2% of 24862776K total physical memory with 1598976K free physical memory)

OOME stack traces (most recent first):
Classloader memory used:
Loader jdk.internal.loader.ClassLoaders$AppClassLoader                                 : 68499K
Loader bootstrap                                                                       : 13901K
Loader java.net.URLClassLoader                                                         : 2889K

---------------  S Y S T E M  ---------------

OS:
 Windows 11 , 64 bit Build 26100 (10.0.26100.9444)
OS uptime: 0 days 8:43 hours
Hyper-V role detected

CPU: total 12 (initial active 12) (6 cores per cpu, 2 threads per core) family 6 model 154 stepping 4 microcode 0x423, cx8, cmov, fxsr, ht, mmx, 3dnowpref, sse, sse2, sse3, ssse3, sse4.1, sse4.2, popcnt, lzcnt, tsc, tscinvbit, avx, avx2, aes, erms, clmul, bmi1, bmi2, adx, sha, fma, vzeroupper, clflush, clflushopt, clwb, hv, serialize, rdtscp, rdpid, fsrm, f16c, cet_ibt, cet_ss
Processor Information for processor 0
  Max Mhz: 1300, Current Mhz: 1300, Mhz Limit: 1300
Processor Information for processor 1
  Max Mhz: 1300, Current Mhz: 1300, Mhz Limit: 1300
Processor Information for processor 2
  Max Mhz: 1300, Current Mhz: 1300, Mhz Limit: 1300
Processor Information for processor 3
  Max Mhz: 1300, Current Mhz: 1300, Mhz Limit: 1300
Processor Information for processor 4
  Max Mhz: 1300, Current Mhz: 900, Mhz Limit: 897
Processor Information for processor 5
  Max Mhz: 1300, Current Mhz: 900, Mhz Limit: 897
Processor Information for processor 6
  Max Mhz: 1300, Current Mhz: 900, Mhz Limit: 897
Processor Information for processor 7
  Max Mhz: 1300, Current Mhz: 900, Mhz Limit: 897
Processor Information for processor 8
  Max Mhz: 1300, Current Mhz: 900, Mhz Limit: 897
Processor Information for processor 9
  Max Mhz: 1300, Current Mhz: 900, Mhz Limit: 897
Processor Information for processor 10
  Max Mhz: 1300, Current Mhz: 900, Mhz Limit: 897
Processor Information for processor 11
  Max Mhz: 1300, Current Mhz: 900, Mhz Limit: 897

Memory: 4k page, system-wide physical 24280M (1561M free)
TotalPageFile size 34520M (AvailPageFile size 14M)
current process WorkingSet (physical memory assigned to process): 518M, peak: 521M
current process commit charge ("private bytes"): 556M, peak: 560M

vm_info: OpenJDK 64-Bit Server VM (21.0.10+-14961533-b1163.108) for windows-amd64 JRE (21.0.10+-14961533-b1163.108), built on 2026-03-02T19:58:50Z by "builder" with MS VC++ 16.10 / 16.11 (VS2019)

END.
