#
# There is insufficient memory for the Java Runtime Environment to continue.
# Native memory allocation (malloc) failed to allocate 1067280 bytes. Error detail: Chunk::new
# Possible reasons:
#   The system is out of physical RAM or swap space
#   This process is running with CompressedOops enabled, and the Java Heap may be blocking the growth of the native heap
# Possible solutions:
#   Reduce memory load on the system
#   Increase physical memory or swap space
#   Check if swap backing store is full
#   Decrease Java heap size (-Xmx/-Xms)
#   Decrease number of Java threads
#   Decrease Java thread stack sizes (-Xss)
#   Set larger code cache with -XX:ReservedCodeCacheSize=
#   JVM is running with Zero Based Compressed Oops mode in which the Java heap is
#     placed in the first 32GB address space. The Java Heap base address is the
#     maximum limit for the native heap growth. Please use -XX:HeapBaseMinAddress
#     to set the Java Heap base and to place the Java Heap above 32GB virtual address.
# This output file may be truncated or incomplete.
#
#  Out of Memory Error (arena.cpp:168), pid=15060, tid=26352
#
# JRE version: OpenJDK Runtime Environment (21.0.10) (build 21.0.10+-14961533-b1163.108)
# Java VM: OpenJDK 64-Bit Server VM (21.0.10+-14961533-b1163.108, mixed mode, tiered, compressed oops, compressed class ptrs, g1 gc, windows-amd64)
# No core dump will be written. Minidumps are not enabled by default on client versions of Windows
#

---------------  S U M M A R Y ------------

Command Line: org.jetbrains.kotlin.cli.jvm.K2JVMCompiler @C:\Users\linux\AndroidStudioProjects\andriod-\app\build\20260930_14163040045269948691.compiler.options

Host: 12th Gen Intel(R) Core(TM) i5-1235U, 12 cores, 23G,  Windows 11 , 64 bit Build 26100 (10.0.26100.9444)
Time: Wed Sep 30 04:26:56 2026 Malay Peninsula Standard Time elapsed time: 27.686430 seconds (0d 0h 0m 27s)

---------------  T H R E A D  ---------------

Current thread (0x0000029b0edafe90):  JavaThread "C2 CompilerThread1" daemon [_thread_in_native, id=26352, stack(0x000000fba6900000,0x000000fba6a00000) (1024K)]


Current CompileTask:
C2:27686 11823       4       org.jetbrains.kotlin.resolve.calls.smartcasts.IdentifierInfoKt::getIdForSimpleNameExpression (280 bytes)

Stack: [0x000000fba6900000,0x000000fba6a00000]
Native frames: (J=compiled Java code, j=interpreted, Vv=VM code, C=native code)
V  [jvm.dll+0x6d78a9]
V  [jvm.dll+0x8665b3]
V  [jvm.dll+0x868bde]
V  [jvm.dll+0x8692c3]
V  [jvm.dll+0x280ee6]
V  [jvm.dll+0xc07cd]
V  [jvm.dll+0xc0d03]
V  [jvm.dll+0x3ba0cb]
V  [jvm.dll+0x385df7]
V  [jvm.dll+0x38526a]
V  [jvm.dll+0x249bd2]
V  [jvm.dll+0x2491a1]
V  [jvm.dll+0x1c76e4]
V  [jvm.dll+0x25891e]
V  [jvm.dll+0x256e66]
V  [jvm.dll+0x3f513e]
V  [jvm.dll+0x80fd28]
V  [jvm.dll+0x6d60fd]
C  [ucrtbase.dll+0x2cd30]
C  [KERNEL32.DLL+0x2cd87]
C  [ntdll.dll+0xacaec]


---------------  P R O C E S S  ---------------

Threads class SMR info:
_java_thread_list=0x0000029b0e2ef7c0, length=12, elements={
0x0000029b6927df60, 0x0000029b0818a4a0, 0x0000029b0818d820, 0x0000029b081bb210,
0x0000029b081bc0f0, 0x0000029b081bcf50, 0x0000029b081be9c0, 0x0000029b081bf420,
0x0000029b081bfe80, 0x0000029b081c2670, 0x0000029b083af1b0, 0x0000029b0edafe90
}

Java Threads: ( => current thread )
  0x0000029b6927df60 JavaThread "main"                              [_thread_in_Java, id=32140, stack(0x000000fba5700000,0x000000fba5800000) (1024K)]
  0x0000029b0818a4a0 JavaThread "Common-Cleaner"             daemon [_thread_blocked, id=31944, stack(0x000000fba5f00000,0x000000fba6000000) (1024K)]
  0x0000029b0818d820 JavaThread "Reference Handler"          daemon [_thread_blocked, id=23628, stack(0x000000fba6000000,0x000000fba6100000) (1024K)]
  0x0000029b081bb210 JavaThread "Finalizer"                  daemon [_thread_blocked, id=888, stack(0x000000fba6100000,0x000000fba6200000) (1024K)]
  0x0000029b081bc0f0 JavaThread "Signal Dispatcher"          daemon [_thread_blocked, id=3064, stack(0x000000fba6200000,0x000000fba6300000) (1024K)]
  0x0000029b081bcf50 JavaThread "Attach Listener"            daemon [_thread_blocked, id=3228, stack(0x000000fba6300000,0x000000fba6400000) (1024K)]
  0x0000029b081be9c0 JavaThread "Service Thread"             daemon [_thread_blocked, id=404, stack(0x000000fba6400000,0x000000fba6500000) (1024K)]
  0x0000029b081bf420 JavaThread "Monitor Deflation Thread"   daemon [_thread_blocked, id=16856, stack(0x000000fba6500000,0x000000fba6600000) (1024K)]
  0x0000029b081bfe80 JavaThread "C2 CompilerThread0"         daemon [_thread_in_native, id=26784, stack(0x000000fba6600000,0x000000fba6700000) (1024K)]
  0x0000029b081c2670 JavaThread "C1 CompilerThread0"         daemon [_thread_blocked, id=5840, stack(0x000000fba6700000,0x000000fba6800000) (1024K)]
  0x0000029b083af1b0 JavaThread "Notification Thread"        daemon [_thread_blocked, id=28088, stack(0x000000fba6800000,0x000000fba6900000) (1024K)]
=>0x0000029b0edafe90 JavaThread "C2 CompilerThread1"         daemon [_thread_in_native, id=26352, stack(0x000000fba6900000,0x000000fba6a00000) (1024K)]
Total: 12

Other Threads:
  0x0000029b7ff422a0 VMThread "VM Thread"                           [id=15344, stack(0x000000fba5e00000,0x000000fba5f00000) (1024K)]
  0x0000029b7ff32920 WatcherThread "VM Periodic Task Thread"        [id=7480, stack(0x000000fba5d00000,0x000000fba5e00000) (1024K)]
  0x0000029b6b60bdb0 WorkerThread "GC Thread#0"                     [id=23000, stack(0x000000fba5800000,0x000000fba5900000) (1024K)]
  0x0000029b08a7aa20 WorkerThread "GC Thread#1"                     [id=6204, stack(0x000000fba6a00000,0x000000fba6b00000) (1024K)]
  0x0000029b08a46b90 WorkerThread "GC Thread#2"                     [id=18916, stack(0x000000fba6b00000,0x000000fba6c00000) (1024K)]
  0x0000029b08a47750 WorkerThread "GC Thread#3"                     [id=31112, stack(0x000000fba6c00000,0x000000fba6d00000) (1024K)]
  0x0000029b08a6a730 WorkerThread "GC Thread#4"                     [id=32184, stack(0x000000fba6d00000,0x000000fba6e00000) (1024K)]
  0x0000029b08a6aae0 WorkerThread "GC Thread#5"                     [id=17460, stack(0x000000fba6e00000,0x000000fba6f00000) (1024K)]
  0x0000029b08a6b2a0 WorkerThread "GC Thread#6"                     [id=24180, stack(0x000000fba6f00000,0x000000fba7000000) (1024K)]
  0x0000029b08a6ba60 WorkerThread "GC Thread#7"                     [id=1408, stack(0x000000fba7000000,0x000000fba7100000) (1024K)]
  0x0000029b08a7add0 WorkerThread "GC Thread#8"                     [id=2600, stack(0x000000fba7100000,0x000000fba7200000) (1024K)]
  0x0000029b0d32f920 WorkerThread "GC Thread#9"                     [id=29632, stack(0x000000fba7500000,0x000000fba7600000) (1024K)]
  0x0000029b6b618b60 ConcurrentGCThread "G1 Main Marker"            [id=3524, stack(0x000000fba5900000,0x000000fba5a00000) (1024K)]
  0x0000029b6b61b360 WorkerThread "G1 Conc#0"                       [id=15944, stack(0x000000fba5a00000,0x000000fba5b00000) (1024K)]
  0x0000029b0d38afe0 WorkerThread "G1 Conc#1"                       [id=23672, stack(0x000000fba7200000,0x000000fba7300000) (1024K)]
  0x0000029b0d32fcd0 WorkerThread "G1 Conc#2"                       [id=5968, stack(0x000000fba7300000,0x000000fba7400000) (1024K)]
  0x0000029b7fe08150 ConcurrentGCThread "G1 Refine#0"               [id=9980, stack(0x000000fba5b00000,0x000000fba5c00000) (1024K)]
  0x0000029b7fe08a80 ConcurrentGCThread "G1 Service"                [id=15484, stack(0x000000fba5c00000,0x000000fba5d00000) (1024K)]
Total: 18

Threads with active compile tasks:
C2 CompilerThread0  27715 11795       4       org.jetbrains.kotlin.resolve.calls.components.ResolutionPartsKt::resolveKotlinArgument (572 bytes)
C2 CompilerThread1  27715 11823       4       org.jetbrains.kotlin.resolve.calls.smartcasts.IdentifierInfoKt::getIdForSimpleNameExpression (280 bytes)
Total: 2

VM state: not at safepoint (normal execution)

VM Mutex/Monitor currently owned by a thread: None

Heap address: 0x0000000684800000, size: 6072 MB, Compressed Oops mode: Zero based, Oop shift amount: 3

CDS archive(s) not mapped
Compressed class space mapped at: 0x0000000800000000-0x0000000840000000, reserved size: 1073741824
Narrow klass base: 0x0000000800000000, Narrow klass shift: 0, Narrow klass range: 0x40000000

GC Precious Log:
 CardTable entry size: 512
 Card Set container configuration: InlinePtr #cards 4 size 8 Array Of Cards #cards 32 size 80 Howl #buckets 8 coarsen threshold 7372 Howl Bitmap #cards 1024 size 144 coarsen threshold 921 Card regions per heap region 1 cards per card region 8192
 CPUs: 12 total, 12 available
 Memory: 24280M
 Large Page Support: Disabled
 NUMA Support: Disabled
 Compressed Oops: Enabled (Zero based)
 Heap Region Size: 4M
 Heap Min Capacity: 8M
 Heap Initial Capacity: 380M
 Heap Max Capacity: 6072M
 Pre-touch: Disabled
 Parallel Workers: 10
 Concurrent Workers: 3
 Concurrent Refinement Workers: 10
 Periodic GC: Disabled

Heap:
 garbage-first heap   total 180224K, used 146512K [0x0000000684800000, 0x0000000800000000)
  region size 4096K, 16 young (65536K), 3 survivors (12288K)
 Metaspace       used 60762K, committed 61504K, reserved 1114112K
  class space    used 6823K, committed 7168K, reserved 1048576K

Heap Regions: E=young(eden), S=young(survivor), O=old, HS=humongous(starts), HC=humongous(continues), CS=collection set, F=free, TAMS=top-at-mark-start, PB=parsable bottom
|   0|0x0000000684800000, 0x0000000684c00000, 0x0000000684c00000|100%|HS|  |TAMS 0x0000000684800000| PB 0x0000000684800000| Complete 
|   1|0x0000000684c00000, 0x0000000684c00000, 0x0000000685000000|  0%| F|  |TAMS 0x0000000684c00000| PB 0x0000000684c00000| Untracked 
|   2|0x0000000685000000, 0x0000000685400000, 0x0000000685400000|100%| O|  |TAMS 0x0000000685000000| PB 0x0000000685000000| Untracked 
|   3|0x0000000685400000, 0x0000000685800000, 0x0000000685800000|100%| O|  |TAMS 0x0000000685400000| PB 0x0000000685400000| Untracked 
|   4|0x0000000685800000, 0x0000000685c00000, 0x0000000685c00000|100%| O|  |TAMS 0x0000000685800000| PB 0x0000000685800000| Untracked 
|   5|0x0000000685c00000, 0x0000000686000000, 0x0000000686000000|100%| O|  |TAMS 0x0000000685c00000| PB 0x0000000685c00000| Untracked 
|   6|0x0000000686000000, 0x0000000686400000, 0x0000000686400000|100%| O|  |TAMS 0x0000000686000000| PB 0x0000000686000000| Untracked 
|   7|0x0000000686400000, 0x0000000686800000, 0x0000000686800000|100%| O|  |TAMS 0x0000000686400000| PB 0x0000000686400000| Untracked 
|   8|0x0000000686800000, 0x0000000686c00000, 0x0000000686c00000|100%| O|  |TAMS 0x0000000686800000| PB 0x0000000686800000| Untracked 
|   9|0x0000000686c00000, 0x0000000687000000, 0x0000000687000000|100%| O|  |TAMS 0x0000000686c00000| PB 0x0000000686c00000| Untracked 
|  10|0x0000000687000000, 0x0000000687400000, 0x0000000687400000|100%| O|  |TAMS 0x0000000687000000| PB 0x0000000687000000| Untracked 
|  11|0x0000000687400000, 0x0000000687800000, 0x0000000687800000|100%| O|  |TAMS 0x0000000687400000| PB 0x0000000687400000| Untracked 
|  12|0x0000000687800000, 0x0000000687c00000, 0x0000000687c00000|100%| O|  |TAMS 0x0000000687800000| PB 0x0000000687800000| Untracked 
|  13|0x0000000687c00000, 0x0000000688000000, 0x0000000688000000|100%| O|  |TAMS 0x0000000687c00000| PB 0x0000000687c00000| Untracked 
|  14|0x0000000688000000, 0x0000000688400000, 0x0000000688400000|100%| O|  |TAMS 0x0000000688000000| PB 0x0000000688000000| Untracked 
|  15|0x0000000688400000, 0x0000000688800000, 0x0000000688800000|100%| O|  |TAMS 0x0000000688400000| PB 0x0000000688400000| Untracked 
|  16|0x0000000688800000, 0x0000000688c00000, 0x0000000688c00000|100%| O|  |TAMS 0x0000000688800000| PB 0x0000000688800000| Untracked 
|  17|0x0000000688c00000, 0x0000000689000000, 0x0000000689000000|100%| O|  |TAMS 0x0000000688c00000| PB 0x0000000688c00000| Untracked 
|  18|0x0000000689000000, 0x0000000689400000, 0x0000000689400000|100%| O|  |TAMS 0x0000000689000000| PB 0x0000000689000000| Untracked 
|  19|0x0000000689400000, 0x0000000689800000, 0x0000000689800000|100%| O|  |TAMS 0x0000000689400000| PB 0x0000000689400000| Untracked 
|  20|0x0000000689800000, 0x0000000689c00000, 0x0000000689c00000|100%| O|  |TAMS 0x0000000689800000| PB 0x0000000689800000| Untracked 
|  21|0x0000000689c00000, 0x000000068a000000, 0x000000068a000000|100%| O|  |TAMS 0x0000000689c00000| PB 0x0000000689c00000| Untracked 
|  22|0x000000068a000000, 0x000000068a000000, 0x000000068a400000|  0%| F|  |TAMS 0x000000068a000000| PB 0x000000068a000000| Untracked 
|  23|0x000000068a400000, 0x000000068a400000, 0x000000068a800000|  0%| F|  |TAMS 0x000000068a400000| PB 0x000000068a400000| Untracked 
|  24|0x000000068a800000, 0x000000068a800000, 0x000000068ac00000|  0%| F|  |TAMS 0x000000068a800000| PB 0x000000068a800000| Untracked 
|  25|0x000000068ac00000, 0x000000068ad3ee70, 0x000000068b000000| 31%| O|  |TAMS 0x000000068ac00000| PB 0x000000068ac00000| Untracked 
|  26|0x000000068b000000, 0x000000068b1d5280, 0x000000068b400000| 45%| S|CS|TAMS 0x000000068b000000| PB 0x000000068b000000| Complete 
|  27|0x000000068b400000, 0x000000068b800000, 0x000000068b800000|100%| S|CS|TAMS 0x000000068b400000| PB 0x000000068b400000| Complete 
|  28|0x000000068b800000, 0x000000068bc00000, 0x000000068bc00000|100%| S|CS|TAMS 0x000000068b800000| PB 0x000000068b800000| Complete 
|  29|0x000000068bc00000, 0x000000068bc00000, 0x000000068c000000|  0%| F|  |TAMS 0x000000068bc00000| PB 0x000000068bc00000| Untracked 
|  30|0x000000068c000000, 0x000000068c000000, 0x000000068c400000|  0%| F|  |TAMS 0x000000068c000000| PB 0x000000068c000000| Untracked 
|  31|0x000000068c400000, 0x000000068c52de40, 0x000000068c800000| 29%| E|  |TAMS 0x000000068c400000| PB 0x000000068c400000| Complete 
|  32|0x000000068c800000, 0x000000068cc00000, 0x000000068cc00000|100%| E|CS|TAMS 0x000000068c800000| PB 0x000000068c800000| Complete 
|  33|0x000000068cc00000, 0x000000068d000000, 0x000000068d000000|100%| E|CS|TAMS 0x000000068cc00000| PB 0x000000068cc00000| Complete 
|  34|0x000000068d000000, 0x000000068d400000, 0x000000068d400000|100%| E|CS|TAMS 0x000000068d000000| PB 0x000000068d000000| Complete 
|  35|0x000000068d400000, 0x000000068d800000, 0x000000068d800000|100%| E|CS|TAMS 0x000000068d400000| PB 0x000000068d400000| Complete 
|  36|0x000000068d800000, 0x000000068dc00000, 0x000000068dc00000|100%| E|CS|TAMS 0x000000068d800000| PB 0x000000068d800000| Complete 
|  37|0x000000068dc00000, 0x000000068e000000, 0x000000068e000000|100%| E|CS|TAMS 0x000000068dc00000| PB 0x000000068dc00000| Complete 
|  38|0x000000068e000000, 0x000000068e400000, 0x000000068e400000|100%| E|CS|TAMS 0x000000068e000000| PB 0x000000068e000000| Complete 
|  39|0x000000068e400000, 0x000000068e800000, 0x000000068e800000|100%| E|CS|TAMS 0x000000068e400000| PB 0x000000068e400000| Complete 
|  40|0x000000068e800000, 0x000000068ec00000, 0x000000068ec00000|100%| E|CS|TAMS 0x000000068e800000| PB 0x000000068e800000| Complete 
|  46|0x0000000690000000, 0x0000000690400000, 0x0000000690400000|100%| E|CS|TAMS 0x0000000690000000| PB 0x0000000690000000| Complete 
|  47|0x0000000690400000, 0x0000000690800000, 0x0000000690800000|100%| E|CS|TAMS 0x0000000690400000| PB 0x0000000690400000| Complete 
|  94|0x000000069c000000, 0x000000069c400000, 0x000000069c400000|100%| E|CS|TAMS 0x000000069c000000| PB 0x000000069c000000| Complete 

Card table byte_map: [0x0000029b7e820000,0x0000029b7f400000] _byte_map_base: 0x0000029b7b3fc000

Marking Bits: (CMBitMap*) 0x0000029b6b60c4c0
 Bits: [0x0000029b00000000, 0x0000029b05ee0000)

Polling page: 0x0000029b6ad50000

Metaspace:

Usage:
  Non-class:     52.68 MB used.
      Class:      6.66 MB used.
       Both:     59.34 MB used.

Virtual space:
  Non-class space:       64.00 MB reserved,      53.06 MB ( 83%) committed,  1 nodes.
      Class space:        1.00 GB reserved,       7.00 MB ( <1%) committed,  1 nodes.
             Both:        1.06 GB reserved,      60.06 MB (  6%) committed. 

Chunk freelists:
   Non-Class:  10.66 MB
       Class:  9.05 MB
        Both:  19.70 MB

MaxMetaspaceSize: unlimited
CompressedClassSpaceSize: 1.00 GB
Initial GC threshold: 21.00 MB
Current GC threshold: 97.75 MB
CDS: off
 - commit_granule_bytes: 65536.
 - commit_granule_words: 8192.
 - virtual_space_node_default_size: 8388608.
 - enlarge_chunks_in_place: 1.
 - use_allocation_guard: 0.


Internal statistics:

num_allocs_failed_limit: 6.
num_arena_births: 1212.
num_arena_deaths: 0.
num_vsnodes_births: 2.
num_vsnodes_deaths: 0.
num_space_committed: 959.
num_space_uncommitted: 0.
num_chunks_returned_to_freelist: 6.
num_chunks_taken_from_freelist: 3264.
num_chunk_merges: 6.
num_chunk_splits: 2438.
num_chunks_enlarged: 1861.
num_inconsistent_stats: 0.

CodeHeap 'non-profiled nmethods': size=120000Kb used=9621Kb max_used=9621Kb free=110378Kb
 bounds [0x0000029b761c0000, 0x0000029b76b30000, 0x0000029b7d6f0000]
CodeHeap 'profiled nmethods': size=120000Kb used=35289Kb max_used=35289Kb free=84711Kb
 bounds [0x0000029b6e6f0000, 0x0000029b70970000, 0x0000029b75c20000]
CodeHeap 'non-nmethods': size=5760Kb used=1483Kb max_used=1555Kb free=4276Kb
 bounds [0x0000029b75c20000, 0x0000029b75e90000, 0x0000029b761c0000]
CodeCache: size=245760Kb, used=46393Kb, max_used=46465Kb, free=199365Kb
 total_blobs=12094, nmethods=11457, adapters=539, full_count=0
Compilation: enabled, stopped_count=0, restarted_count=0

Compilation events (20 events):
Event: 27.618 Thread 0x0000029b0edafe90 nmethod 11821 0x0000029b76b24f10 code [0x0000029b76b250a0, 0x0000029b76b25130]
Event: 27.619 Thread 0x0000029b081c2670 11822       3       org.jetbrains.kotlin.serialization.deserialization.descriptors.DeserializedClassDescriptor::isCompanionObject (25 bytes)
Event: 27.619 Thread 0x0000029b081c2670 nmethod 11822 0x0000029b70954a10 code [0x0000029b70954be0, 0x0000029b70954e20]
Event: 27.619 Thread 0x0000029b0edafe90 11823       4       org.jetbrains.kotlin.resolve.calls.smartcasts.IdentifierInfoKt::getIdForSimpleNameExpression (280 bytes)
Event: 27.622 Thread 0x0000029b081c2670 11824       3       org.jetbrains.kotlin.resolve.calls.tower.PSIKotlinCallForInvoke::getArgumentsInParenthesis (8 bytes)
Event: 27.622 Thread 0x0000029b081c2670 nmethod 11824 0x0000029b70954f10 code [0x0000029b709550a0, 0x0000029b709551d8]
Event: 27.641 Thread 0x0000029b081c2670 11826       3       java.io.File::toString (5 bytes)
Event: 27.642 Thread 0x0000029b081c2670 nmethod 11826 0x0000029b70955290 code [0x0000029b70955420, 0x0000029b70955548]
Event: 27.667 Thread 0x0000029b081c2670 11828       3       org.jetbrains.kotlin.resolve.calls.results.OverloadingConflictResolver$resolvedCallHashingStrategy$1::computeHashCode (26 bytes)
Event: 27.667 Thread 0x0000029b081c2670 nmethod 11828 0x0000029b70955610 code [0x0000029b70955800, 0x0000029b70955cf0]
Event: 27.667 Thread 0x0000029b081c2670 11830       3       org.jetbrains.kotlin.resolve.calls.components.NewOverloadingConflictResolver$Companion::createFlatSignature (565 bytes)
Event: 27.672 Thread 0x0000029b081c2670 nmethod 11830 0x0000029b70955e90 code [0x0000029b70956760, 0x0000029b7095c2e0]
Event: 27.672 Thread 0x0000029b081c2670 11831       3       org.jetbrains.kotlin.resolve.calls.results.FlatSignatureUtilsKt::createWithConvertedTypes (453 bytes)
Event: 27.676 Thread 0x0000029b081c2670 nmethod 11831 0x0000029b7095e210 code [0x0000029b7095e920, 0x0000029b70963080]
Event: 27.676 Thread 0x0000029b081c2670 11832       3       org.jetbrains.kotlin.resolve.calls.results.FlatSignature::<init> (90 bytes)
Event: 27.677 Thread 0x0000029b081c2670 nmethod 11832 0x0000029b70964790 code [0x0000029b70964a40, 0x0000029b709657b8]
Event: 27.677 Thread 0x0000029b081c2670 11833       3       org.jetbrains.kotlin.types.TypeUtils::makeNotNullable (14 bytes)
Event: 27.677 Thread 0x0000029b081c2670 nmethod 11833 0x0000029b70965c90 code [0x0000029b70965e80, 0x0000029b70966288]
Event: 27.677 Thread 0x0000029b081c2670 11829       3       gnu.trove.TObjectHashIterator::<init> (11 bytes)
Event: 27.678 Thread 0x0000029b081c2670 nmethod 11829 0x0000029b70966410 code [0x0000029b709665c0, 0x0000029b70966840]

GC Heap History (20 events):
Event: 5.681 GC heap before
{Heap before GC invocations=10 (full 0):
 garbage-first heap   total 114688K, used 83282K [0x0000000684800000, 0x0000000800000000)
  region size 4096K, 16 young (65536K), 4 survivors (16384K)
 Metaspace       used 47057K, committed 47808K, reserved 1114112K
  class space    used 5731K, committed 6080K, reserved 1048576K
}
Event: 5.700 GC heap after
{Heap after GC invocations=11 (full 0):
 garbage-first heap   total 114688K, used 40193K [0x0000000684800000, 0x0000000800000000)
  region size 4096K, 2 young (8192K), 2 survivors (8192K)
 Metaspace       used 47057K, committed 47808K, reserved 1114112K
  class space    used 5731K, committed 6080K, reserved 1048576K
}
Event: 5.881 GC heap before
{Heap before GC invocations=11 (full 0):
 garbage-first heap   total 114688K, used 85249K [0x0000000684800000, 0x0000000800000000)
  region size 4096K, 13 young (53248K), 2 survivors (8192K)
 Metaspace       used 47158K, committed 47872K, reserved 1114112K
  class space    used 5731K, committed 6080K, reserved 1048576K
}
Event: 5.889 GC heap after
{Heap after GC invocations=12 (full 0):
 garbage-first heap   total 114688K, used 44790K [0x0000000684800000, 0x0000000800000000)
  region size 4096K, 2 young (8192K), 2 survivors (8192K)
 Metaspace       used 47158K, committed 47872K, reserved 1114112K
  class space    used 5731K, committed 6080K, reserved 1048576K
}
Event: 6.143 GC heap before
{Heap before GC invocations=12 (full 0):
 garbage-first heap   total 114688K, used 89846K [0x0000000684800000, 0x0000000800000000)
  region size 4096K, 13 young (53248K), 2 survivors (8192K)
 Metaspace       used 47174K, committed 47872K, reserved 1114112K
  class space    used 5731K, committed 6080K, reserved 1048576K
}
Event: 6.152 GC heap after
{Heap after GC invocations=13 (full 0):
 garbage-first heap   total 147456K, used 50829K [0x0000000684800000, 0x0000000800000000)
  region size 4096K, 2 young (8192K), 2 survivors (8192K)
 Metaspace       used 47174K, committed 47872K, reserved 1114112K
  class space    used 5731K, committed 6080K, reserved 1048576K
}
Event: 6.447 GC heap before
{Heap before GC invocations=13 (full 0):
 garbage-first heap   total 147456K, used 120461K [0x0000000684800000, 0x0000000800000000)
  region size 4096K, 19 young (77824K), 2 survivors (8192K)
 Metaspace       used 47175K, committed 47872K, reserved 1114112K
  class space    used 5732K, committed 6080K, reserved 1048576K
}
Event: 6.456 GC heap after
{Heap after GC invocations=14 (full 0):
 garbage-first heap   total 147456K, used 57344K [0x0000000684800000, 0x0000000800000000)
  region size 4096K, 3 young (12288K), 3 survivors (12288K)
 Metaspace       used 47175K, committed 47872K, reserved 1114112K
  class space    used 5732K, committed 6080K, reserved 1048576K
}
Event: 7.118 GC heap before
{Heap before GC invocations=14 (full 0):
 garbage-first heap   total 147456K, used 122880K [0x0000000684800000, 0x0000000800000000)
  region size 4096K, 19 young (77824K), 3 survivors (12288K)
 Metaspace       used 49421K, committed 50048K, reserved 1114112K
  class space    used 5979K, committed 6272K, reserved 1048576K
}
Event: 7.133 GC heap after
{Heap after GC invocations=15 (full 0):
 garbage-first heap   total 147456K, used 64914K [0x0000000684800000, 0x0000000800000000)
  region size 4096K, 2 young (8192K), 2 survivors (8192K)
 Metaspace       used 49421K, committed 50048K, reserved 1114112K
  class space    used 5979K, committed 6272K, reserved 1048576K
}
Event: 8.793 GC heap before
{Heap before GC invocations=15 (full 0):
 garbage-first heap   total 147456K, used 122258K [0x0000000684800000, 0x0000000800000000)
  region size 4096K, 17 young (69632K), 2 survivors (8192K)
 Metaspace       used 53205K, committed 53888K, reserved 1114112K
  class space    used 6303K, committed 6592K, reserved 1048576K
}
Event: 8.812 GC heap after
{Heap after GC invocations=16 (full 0):
 garbage-first heap   total 147456K, used 76658K [0x0000000684800000, 0x0000000800000000)
  region size 4096K, 3 young (12288K), 3 survivors (12288K)
 Metaspace       used 53205K, committed 53888K, reserved 1114112K
  class space    used 6303K, committed 6592K, reserved 1048576K
}
Event: 11.347 GC heap before
{Heap before GC invocations=16 (full 0):
 garbage-first heap   total 147456K, used 125810K [0x0000000684800000, 0x0000000800000000)
  region size 4096K, 15 young (61440K), 3 survivors (12288K)
 Metaspace       used 57929K, committed 58624K, reserved 1114112K
  class space    used 6714K, committed 7040K, reserved 1048576K
}
Event: 11.368 GC heap after
{Heap after GC invocations=17 (full 0):
 garbage-first heap   total 180224K, used 83375K [0x0000000684800000, 0x0000000800000000)
  region size 4096K, 2 young (8192K), 2 survivors (8192K)
 Metaspace       used 57929K, committed 58624K, reserved 1114112K
  class space    used 6714K, committed 7040K, reserved 1048576K
}
Event: 14.265 GC heap before
{Heap before GC invocations=17 (full 0):
 garbage-first heap   total 180224K, used 128431K [0x0000000684800000, 0x0000000800000000)
  region size 4096K, 14 young (57344K), 2 survivors (8192K)
 Metaspace       used 59345K, committed 60032K, reserved 1114112K
  class space    used 6768K, committed 7104K, reserved 1048576K
}
Event: 14.275 GC heap after
{Heap after GC invocations=18 (full 0):
 garbage-first heap   total 180224K, used 88132K [0x0000000684800000, 0x0000000800000000)
  region size 4096K, 3 young (12288K), 3 survivors (12288K)
 Metaspace       used 59345K, committed 60032K, reserved 1114112K
  class space    used 6768K, committed 7104K, reserved 1048576K
}
Event: 18.772 GC heap before
{Heap before GC invocations=19 (full 0):
 garbage-first heap   total 180224K, used 153668K [0x0000000684800000, 0x0000000800000000)
  region size 4096K, 19 young (77824K), 3 survivors (12288K)
 Metaspace       used 60081K, committed 60736K, reserved 1114112K
  class space    used 6805K, committed 7104K, reserved 1048576K
}
Event: 18.784 GC heap after
{Heap after GC invocations=20 (full 0):
 garbage-first heap   total 180224K, used 93257K [0x0000000684800000, 0x0000000800000000)
  region size 4096K, 3 young (12288K), 3 survivors (12288K)
 Metaspace       used 60081K, committed 60736K, reserved 1114112K
  class space    used 6805K, committed 7104K, reserved 1048576K
}
Event: 24.557 GC heap before
{Heap before GC invocations=20 (full 0):
 garbage-first heap   total 180224K, used 154697K [0x0000000684800000, 0x0000000800000000)
  region size 4096K, 18 young (73728K), 3 survivors (12288K)
 Metaspace       used 60427K, committed 61056K, reserved 1114112K
  class space    used 6808K, committed 7104K, reserved 1048576K
}
Event: 24.573 GC heap after
{Heap after GC invocations=21 (full 0):
 garbage-first heap   total 180224K, used 97360K [0x0000000684800000, 0x0000000800000000)
  region size 4096K, 3 young (12288K), 3 survivors (12288K)
 Metaspace       used 60427K, committed 61056K, reserved 1114112K
  class space    used 6808K, committed 7104K, reserved 1048576K
}

Dll operation events (3 events):
Event: 0.009 Loaded shared library C:\Program Files\Android\Android Studio\jbr\bin\java.dll
Event: 0.016 Loaded shared library C:\Program Files\Android\Android Studio\jbr\bin\zip.dll
Event: 1.207 Loaded shared library C:\Program Files\Android\Android Studio\jbr\bin\verify.dll

Deoptimization events (20 events):
Event: 27.002 Thread 0x0000029b6927df60 Uncommon trap: trap_request=0xffffffde fr.pc=0x0000029b76a03404 relative=0x0000000000000044
Event: 27.002 Thread 0x0000029b6927df60 Uncommon trap: reason=class_check action=maybe_recompile pc=0x0000029b76a03404 method=org.jetbrains.kotlin.resolve.scopes.receivers.ReceiverValueWithSmartCastInfo.hasTypesFromSmartCasts()Z @ 4 c2
Event: 27.002 Thread 0x0000029b6927df60 DEOPT PACKING pc=0x0000029b76a03404 sp=0x000000fba57f66c0
Event: 27.002 Thread 0x0000029b6927df60 DEOPT UNPACKING pc=0x0000029b75c74422 sp=0x000000fba57f65f0 mode 2
Event: 27.005 Thread 0x0000029b6927df60 Uncommon trap: trap_request=0xffffff45 fr.pc=0x0000029b76887978 relative=0x0000000000000438
Event: 27.005 Thread 0x0000029b6927df60 Uncommon trap: reason=unstable_if action=reinterpret pc=0x0000029b76887978 method=org.jetbrains.kotlin.types.checker.ClassicTypeCheckerStateKt.createClassicTypeCheckerState$default(ZZLorg/jetbrains/kotlin/types/checker/ClassicTypeSystemContext;Lorg/jetbra
Event: 27.005 Thread 0x0000029b6927df60 DEOPT PACKING pc=0x0000029b76887978 sp=0x000000fba57f6160
Event: 27.005 Thread 0x0000029b6927df60 DEOPT UNPACKING pc=0x0000029b75c74422 sp=0x000000fba57f6130 mode 2
Event: 27.005 Thread 0x0000029b6927df60 Uncommon trap: trap_request=0xffffffde fr.pc=0x0000029b76a03404 relative=0x0000000000000044
Event: 27.005 Thread 0x0000029b6927df60 Uncommon trap: reason=class_check action=maybe_recompile pc=0x0000029b76a03404 method=org.jetbrains.kotlin.resolve.scopes.receivers.ReceiverValueWithSmartCastInfo.hasTypesFromSmartCasts()Z @ 4 c2
Event: 27.005 Thread 0x0000029b6927df60 DEOPT PACKING pc=0x0000029b76a03404 sp=0x000000fba57f6580
Event: 27.005 Thread 0x0000029b6927df60 DEOPT UNPACKING pc=0x0000029b75c74422 sp=0x000000fba57f64b0 mode 2
Event: 27.030 Thread 0x0000029b6927df60 Uncommon trap: trap_request=0xffffffde fr.pc=0x0000029b76a03404 relative=0x0000000000000044
Event: 27.030 Thread 0x0000029b6927df60 Uncommon trap: reason=class_check action=maybe_recompile pc=0x0000029b76a03404 method=org.jetbrains.kotlin.resolve.scopes.receivers.ReceiverValueWithSmartCastInfo.hasTypesFromSmartCasts()Z @ 4 c2
Event: 27.030 Thread 0x0000029b6927df60 DEOPT PACKING pc=0x0000029b76a03404 sp=0x000000fba57f66c0
Event: 27.030 Thread 0x0000029b6927df60 DEOPT UNPACKING pc=0x0000029b75c74422 sp=0x000000fba57f65f0 mode 2
Event: 27.030 Thread 0x0000029b6927df60 Uncommon trap: trap_request=0xffffffde fr.pc=0x0000029b76a03404 relative=0x0000000000000044
Event: 27.030 Thread 0x0000029b6927df60 Uncommon trap: reason=class_check action=maybe_recompile pc=0x0000029b76a03404 method=org.jetbrains.kotlin.resolve.scopes.receivers.ReceiverValueWithSmartCastInfo.hasTypesFromSmartCasts()Z @ 4 c2
Event: 27.030 Thread 0x0000029b6927df60 DEOPT PACKING pc=0x0000029b76a03404 sp=0x000000fba57f6580
Event: 27.030 Thread 0x0000029b6927df60 DEOPT UNPACKING pc=0x0000029b75c74422 sp=0x000000fba57f64b0 mode 2

Classes loaded (20 events):
Event: 13.631 Loading class jdk/internal/math/FloatingDecimal$BinaryToASCIIConverter done
Event: 13.631 Loading class jdk/internal/math/FloatingDecimal$ExceptionalBinaryToASCIIBuffer done
Event: 13.631 Loading class jdk/internal/math/FloatingDecimal$BinaryToASCIIBuffer
Event: 13.632 Loading class jdk/internal/math/FloatingDecimal$BinaryToASCIIBuffer done
Event: 13.632 Loading class jdk/internal/math/FloatingDecimal$1
Event: 13.632 Loading class jdk/internal/math/FloatingDecimal$1 done
Event: 13.632 Loading class jdk/internal/math/FloatingDecimal$PreparedASCIIToBinaryBuffer
Event: 13.632 Loading class jdk/internal/math/FloatingDecimal$ASCIIToBinaryConverter
Event: 13.632 Loading class jdk/internal/math/FloatingDecimal$ASCIIToBinaryConverter done
Event: 13.632 Loading class jdk/internal/math/FloatingDecimal$PreparedASCIIToBinaryBuffer done
Event: 13.632 Loading class jdk/internal/math/FloatingDecimal$ASCIIToBinaryBuffer
Event: 13.632 Loading class jdk/internal/math/FloatingDecimal$ASCIIToBinaryBuffer done
Event: 16.783 Loading class java/time/Instant
Event: 16.784 Loading class java/time/temporal/Temporal
Event: 16.784 Loading class java/time/temporal/TemporalAccessor
Event: 16.784 Loading class java/time/temporal/TemporalAccessor done
Event: 16.784 Loading class java/time/temporal/Temporal done
Event: 16.784 Loading class java/time/temporal/TemporalAdjuster
Event: 16.784 Loading class java/time/temporal/TemporalAdjuster done
Event: 16.784 Loading class java/time/Instant done

Classes unloaded (0 events):
No events

Classes redefined (0 events):
No events

Internal exceptions (20 events):
Event: 4.011 Thread 0x0000029b6927df60 Exception <a 'java/lang/NoSuchMethodError'{0x0000000688ff7cc8}: 'java.lang.Object java.lang.invoke.DelegatingMethodHandle$Holder.reinvoke_L(java.lang.Object, java.lang.Object, java.lang.Object, java.lang.Object, java.lang.Object, java.lang.Object, java.lang.Object, java.lang.Object, java.lang.Object, java.lang.Object, java.lang.Object, java.lang.Object, java.lang.Object)'> (0x0000000688ff7cc8) 
thrown [s\src\hotspot\share\interpreter\linkResolver.cpp, line 784]
Event: 4.294 Thread 0x0000029b6927df60 Exception <a 'java/lang/NoSuchMethodError'{0x00000006886ed3c0}: 'java.lang.Object java.lang.invoke.Invokers$Holder.invokeExact_MT(java.lang.Object, java.lang.Object, long, java.lang.Object)'> (0x00000006886ed3c0) 
thrown [s\src\hotspot\share\interpreter\linkResolver.cpp, line 784]
Event: 4.389 Thread 0x0000029b6927df60 Exception <a 'java/lang/NoSuchMethodError'{0x0000000688097140}: 'java.lang.Object java.lang.invoke.DirectMethodHandle$Holder.newInvokeSpecial(java.lang.Object, java.lang.Object, int)'> (0x0000000688097140) 
thrown [s\src\hotspot\share\interpreter\linkResolver.cpp, line 784]
Event: 4.583 Thread 0x0000029b6927df60 Exception <a 'java/lang/NoSuchMethodError'{0x00000006883e1058}: 'java.lang.Object java.lang.invoke.DirectMethodHandle$Holder.newInvokeSpecial(java.lang.Object, java.lang.Object, java.lang.Object, int)'> (0x00000006883e1058) 
thrown [s\src\hotspot\share\interpreter\linkResolver.cpp, line 784]
Event: 4.584 Thread 0x0000029b6927df60 Exception <a 'java/lang/NoSuchMethodError'{0x00000006883e5198}: 'java.lang.Object java.lang.invoke.DirectMethodHandle$Holder.invokeSpecial(java.lang.Object, java.lang.Object, java.lang.Object, java.lang.Object, int)'> (0x00000006883e5198) 
thrown [s\src\hotspot\share\interpreter\linkResolver.cpp, line 784]
Event: 4.584 Thread 0x0000029b6927df60 Exception <a 'java/lang/NoSuchMethodError'{0x00000006883e88e0}: 'java.lang.Object java.lang.invoke.Invokers$Holder.linkToTargetMethod(java.lang.Object, java.lang.Object, int, java.lang.Object)'> (0x00000006883e88e0) 
thrown [s\src\hotspot\share\interpreter\linkResolver.cpp, line 784]
Event: 5.071 Thread 0x0000029b6927df60 Implicit null exception at 0x0000029b7639c317 to 0x0000029b7639c510
Event: 6.870 Thread 0x0000029b6927df60 Implicit null exception at 0x0000029b764a232b to 0x0000029b764a2b08
Event: 6.870 Thread 0x0000029b6927df60 Implicit null exception at 0x0000029b764c6dbd to 0x0000029b764c6df8
Event: 7.643 Thread 0x0000029b6927df60 Exception <a 'java/lang/NoSuchMethodError'{0x000000068c6198f0}: 'java.lang.Object java.lang.invoke.DirectMethodHandle$Holder.invokeSpecial(java.lang.Object, java.lang.Object, java.lang.Object, java.lang.Object, java.lang.Object, java.lang.Object, int)'> (0x000000068c6198f0) 
thrown [s\src\hotspot\share\interpreter\linkResolver.cpp, line 784]
Event: 7.726 Thread 0x0000029b6927df60 Exception <a 'java/lang/NoSuchMethodError'{0x000000068c2094b8}: 'int java.lang.invoke.DirectMethodHandle$Holder.invokeInterface(java.lang.Object, java.lang.Object)'> (0x000000068c2094b8) 
thrown [s\src\hotspot\share\interpreter\linkResolver.cpp, line 784]
Event: 7.744 Thread 0x0000029b6927df60 Exception <a 'java/lang/NoSuchMethodError'{0x000000068c257f18}: 'java.lang.Object java.lang.invoke.DirectMethodHandle$Holder.newInvokeSpecial(java.lang.Object, int, java.lang.Object)'> (0x000000068c257f18) 
thrown [s\src\hotspot\share\interpreter\linkResolver.cpp, line 784]
Event: 8.863 Thread 0x0000029b6927df60 Implicit null exception at 0x0000029b7664200f to 0x0000029b76642590
Event: 8.903 Thread 0x0000029b6927df60 Implicit null exception at 0x0000029b7634f9da to 0x0000029b7634fae4
Event: 9.385 Thread 0x0000029b6927df60 Exception <a 'java/lang/IncompatibleClassChangeError'{0x000000068cb265b8}: Found class java.lang.Object, but interface was expected> (0x000000068cb265b8) 
thrown [s\src\hotspot\share\interpreter\linkResolver.cpp, line 851]
Event: 9.861 Thread 0x0000029b6927df60 Implicit null exception at 0x0000029b7661fa90 to 0x0000029b76620068
Event: 19.231 Thread 0x0000029b6927df60 Implicit null exception at 0x0000029b7681cafd to 0x0000029b7681cd24
Event: 20.324 Thread 0x0000029b6927df60 Implicit null exception at 0x0000029b769f44c0 to 0x0000029b769f6328
Event: 26.752 Thread 0x0000029b6927df60 Implicit null exception at 0x0000029b76889285 to 0x0000029b768895e4
Event: 26.753 Thread 0x0000029b6927df60 Implicit null exception at 0x0000029b7663cf07 to 0x0000029b7663d214

ZGC Phase Switch (0 events):
No events

VM Operations (20 events):
Event: 20.164 Executing safepoint VM operation: ICBufferFull
Event: 20.165 Executing safepoint VM operation: ICBufferFull done
Event: 21.171 Executing safepoint VM operation: Cleanup
Event: 21.171 Executing safepoint VM operation: Cleanup done
Event: 22.173 Executing safepoint VM operation: Cleanup
Event: 22.173 Executing safepoint VM operation: Cleanup done
Event: 23.185 Executing safepoint VM operation: Cleanup
Event: 23.185 Executing safepoint VM operation: Cleanup done
Event: 24.187 Executing safepoint VM operation: Cleanup
Event: 24.187 Executing safepoint VM operation: Cleanup done
Event: 24.557 Executing safepoint VM operation: G1CollectForAllocation (G1 Evacuation Pause)
Event: 24.573 Executing safepoint VM operation: G1CollectForAllocation (G1 Evacuation Pause) done
Event: 25.582 Executing safepoint VM operation: Cleanup
Event: 25.582 Executing safepoint VM operation: Cleanup done
Event: 26.591 Executing safepoint VM operation: Cleanup
Event: 26.591 Executing safepoint VM operation: Cleanup done
Event: 26.780 Executing safepoint VM operation: ICBufferFull
Event: 26.780 Executing safepoint VM operation: ICBufferFull done
Event: 27.547 Executing safepoint VM operation: ICBufferFull
Event: 27.548 Executing safepoint VM operation: ICBufferFull done

Memory protections (0 events):
No events

Nmethod flushes (20 events):
Event: 14.323 Thread 0x0000029b7ff422a0 flushing  nmethod 0x0000029b6e900210
Event: 14.323 Thread 0x0000029b7ff422a0 flushing  nmethod 0x0000029b6e900690
Event: 14.323 Thread 0x0000029b7ff422a0 flushing  nmethod 0x0000029b6e900e10
Event: 14.323 Thread 0x0000029b7ff422a0 flushing  nmethod 0x0000029b6e901590
Event: 14.323 Thread 0x0000029b7ff422a0 flushing  nmethod 0x0000029b6e902110
Event: 14.323 Thread 0x0000029b7ff422a0 flushing  nmethod 0x0000029b6e947d10
Event: 14.323 Thread 0x0000029b7ff422a0 flushing  nmethod 0x0000029b6e948890
Event: 14.323 Thread 0x0000029b7ff422a0 flushing  nmethod 0x0000029b6e949310
Event: 14.323 Thread 0x0000029b7ff422a0 flushing  nmethod 0x0000029b6e94be90
Event: 14.323 Thread 0x0000029b7ff422a0 flushing  nmethod 0x0000029b6e951c10
Event: 14.323 Thread 0x0000029b7ff422a0 flushing osr nmethod 0x0000029b6e954410
Event: 14.323 Thread 0x0000029b7ff422a0 flushing  nmethod 0x0000029b6e98ac90
Event: 14.323 Thread 0x0000029b7ff422a0 flushing  nmethod 0x0000029b6e98b690
Event: 14.323 Thread 0x0000029b7ff422a0 flushing  nmethod 0x0000029b6e98bd90
Event: 14.323 Thread 0x0000029b7ff422a0 flushing  nmethod 0x0000029b6e98c190
Event: 14.323 Thread 0x0000029b7ff422a0 flushing  nmethod 0x0000029b6e98c810
Event: 14.323 Thread 0x0000029b7ff422a0 flushing  nmethod 0x0000029b6e98cb10
Event: 14.323 Thread 0x0000029b7ff422a0 flushing  nmethod 0x0000029b6e98cf10
Event: 14.323 Thread 0x0000029b7ff422a0 flushing  nmethod 0x0000029b6e999810
Event: 14.323 Thread 0x0000029b7ff422a0 flushing  nmethod 0x0000029b6e9dca90

Events (20 events):
Event: 1.476 Thread 0x0000029b083fb750 Thread exited: 0x0000029b083fb750
Event: 1.694 Thread 0x0000029b081bfe80 Thread added: 0x0000029b0d4cc0b0
Event: 1.704 Thread 0x0000029b081bfe80 Thread added: 0x0000029b0d58d190
Event: 2.180 Thread 0x0000029b0d58d190 Thread exited: 0x0000029b0d58d190
Event: 2.180 Thread 0x0000029b0d4cc0b0 Thread exited: 0x0000029b0d4cc0b0
Event: 2.360 Thread 0x0000029b081c2670 Thread added: 0x0000029b0dea37c0
Event: 2.537 Thread 0x0000029b0dea37c0 Thread added: 0x0000029b0ec27ab0
Event: 3.073 Thread 0x0000029b0ec27ab0 Thread exited: 0x0000029b0ec27ab0
Event: 3.392 Thread 0x0000029b0dea37c0 Thread exited: 0x0000029b0dea37c0
Event: 3.545 Thread 0x0000029b081c2670 Thread added: 0x0000029b0f91ba60
Event: 3.740 Thread 0x0000029b081c2670 Thread added: 0x0000029b0e1e2380
Event: 13.119 Thread 0x0000029b0e1e2380 Thread exited: 0x0000029b0e1e2380
Event: 14.352 Thread 0x0000029b0f91ba60 Thread exited: 0x0000029b0f91ba60
Event: 16.643 Thread 0x0000029b081c2670 Thread added: 0x0000029b0edad5b0
Event: 17.456 Thread 0x0000029b0edad5b0 Thread exited: 0x0000029b0edad5b0
Event: 18.487 Thread 0x0000029b081c2670 Thread added: 0x0000029b0edaba70
Event: 21.405 Thread 0x0000029b0edaba70 Thread exited: 0x0000029b0edaba70
Event: 25.721 Thread 0x0000029b081bfe80 Thread added: 0x0000029b0edaba70
Event: 26.585 Thread 0x0000029b0edaba70 Thread exited: 0x0000029b0edaba70
Event: 26.977 Thread 0x0000029b081c2670 Thread added: 0x0000029b0edafe90


Dynamic libraries:
0x00007ff7ac550000 - 0x00007ff7ac55a000 	C:\Program Files\Android\Android Studio\jbr\bin\java.exe
0x00007ffd56c80000 - 0x00007ffd56ee7000 	C:\WINDOWS\SYSTEM32\ntdll.dll
0x00007ffd560e0000 - 0x00007ffd561ab000 	C:\WINDOWS\System32\KERNEL32.DLL
0x00007ffd53f40000 - 0x00007ffd54342000 	C:\WINDOWS\System32\KERNELBASE.dll
0x00007ffd54350000 - 0x00007ffd5449c000 	C:\WINDOWS\System32\ucrtbase.dll
0x00007ffd3cd40000 - 0x00007ffd3cd58000 	C:\Program Files\Android\Android Studio\jbr\bin\jli.dll
0x00007ffd28b40000 - 0x00007ffd28b5b000 	C:\Program Files\Android\Android Studio\jbr\bin\VCRUNTIME140.dll
0x00007ffd54fb0000 - 0x00007ffd5517f000 	C:\WINDOWS\System32\USER32.dll
0x00007ffd349f0000 - 0x00007ffd34c80000 	C:\WINDOWS\WinSxS\amd64_microsoft.windows.common-controls_6595b64144ccf1df_6.0.26100.9278_none_3e0d1ba8e3303201\COMCTL32.dll
0x00007ffd54640000 - 0x00007ffd54667000 	C:\WINDOWS\System32\win32u.dll
0x00007ffd55dc0000 - 0x00007ffd55e69000 	C:\WINDOWS\System32\msvcrt.dll
0x00007ffd55b10000 - 0x00007ffd55b3b000 	C:\WINDOWS\System32\GDI32.dll
0x00007ffd547e0000 - 0x00007ffd54909000 	C:\WINDOWS\System32\gdi32full.dll
0x00007ffd54730000 - 0x00007ffd547d3000 	C:\WINDOWS\System32\msvcp_win.dll
0x00007ffd55240000 - 0x00007ffd55271000 	C:\WINDOWS\System32\IMM32.DLL
0x00007ffd4beb0000 - 0x00007ffd4bebc000 	C:\Program Files\Android\Android Studio\jbr\bin\vcruntime140_1.dll
0x00007ffccea60000 - 0x00007ffcceaed000 	C:\Program Files\Android\Android Studio\jbr\bin\msvcp140.dll
0x00007ffc0f460000 - 0x00007ffc100f6000 	C:\Program Files\Android\Android Studio\jbr\bin\server\jvm.dll
0x00007ffd55a10000 - 0x00007ffd55acc000 	C:\WINDOWS\System32\ADVAPI32.dll
0x00007ffd54d30000 - 0x00007ffd54dd9000 	C:\WINDOWS\System32\sechost.dll
0x00007ffd55ba0000 - 0x00007ffd55cb8000 	C:\WINDOWS\System32\RPCRT4.dll
0x00007ffd56050000 - 0x00007ffd560d0000 	C:\WINDOWS\System32\WS2_32.dll
0x00007ffd39320000 - 0x00007ffd3932b000 	C:\WINDOWS\SYSTEM32\VERSION.dll
0x00007ffd53ce0000 - 0x00007ffd53d3e000 	C:\WINDOWS\SYSTEM32\POWRPROF.dll
0x00007ffd495a0000 - 0x00007ffd495d6000 	C:\WINDOWS\SYSTEM32\WINMM.dll
0x00007ffd53cc0000 - 0x00007ffd53cd5000 	C:\WINDOWS\SYSTEM32\UMPDC.dll
0x00007ffd52b50000 - 0x00007ffd52b6b000 	C:\WINDOWS\SYSTEM32\kernel.appcore.dll
0x00007ffd3cd30000 - 0x00007ffd3cd3a000 	C:\Program Files\Android\Android Studio\jbr\bin\jimage.dll
0x00007ffd513c0000 - 0x00007ffd5160c000 	C:\WINDOWS\SYSTEM32\DBGHELP.DLL
0x00007ffd549a0000 - 0x00007ffd54d25000 	C:\WINDOWS\System32\combase.dll
0x00007ffd558a0000 - 0x00007ffd55979000 	C:\WINDOWS\System32\OLEAUT32.dll
0x00007ffd2eb40000 - 0x00007ffd2eb7b000 	C:\WINDOWS\SYSTEM32\dbgcore.DLL
0x00007ffd53e80000 - 0x00007ffd53f2c000 	C:\WINDOWS\System32\bcryptPrimitives.dll
0x00007ffd1e3e0000 - 0x00007ffd1e400000 	C:\Program Files\Android\Android Studio\jbr\bin\java.dll
0x00007ffd1d7d0000 - 0x00007ffd1d7e8000 	C:\Program Files\Android\Android Studio\jbr\bin\zip.dll
0x00007ffd564a0000 - 0x00007ffd56c38000 	C:\WINDOWS\System32\SHELL32.dll
0x00007ffd518b0000 - 0x00007ffd5215e000 	C:\WINDOWS\SYSTEM32\windows.storage.dll
0x00007ffd55cc0000 - 0x00007ffd55dbb000 	C:\WINDOWS\System32\SHCORE.dll
0x00007ffd551d0000 - 0x00007ffd55236000 	C:\WINDOWS\System32\shlwapi.dll
0x00007ffd53da0000 - 0x00007ffd53dc9000 	C:\WINDOWS\SYSTEM32\profapi.dll
0x00007ffd32b80000 - 0x00007ffd32b90000 	C:\Program Files\Android\Android Studio\jbr\bin\net.dll
0x00007ffd49450000 - 0x00007ffd4957a000 	C:\WINDOWS\SYSTEM32\WINHTTP.dll
0x00007ffd53110000 - 0x00007ffd5317c000 	C:\WINDOWS\system32\mswsock.dll
0x00007ffd1d7b0000 - 0x00007ffd1d7c6000 	C:\Program Files\Android\Android Studio\jbr\bin\nio.dll
0x00007ffd1d770000 - 0x00007ffd1d780000 	C:\Program Files\Android\Android Studio\jbr\bin\verify.dll

JVMTI agents: none

dbghelp: loaded successfully - version: 4.0.5 - missing functions: none
symbol engine: initialized successfully - sym options: 0x614 - pdb path: .;C:\Program Files\Android\Android Studio\jbr\bin;C:\WINDOWS\SYSTEM32;C:\WINDOWS\WinSxS\amd64_microsoft.windows.common-controls_6595b64144ccf1df_6.0.26100.9278_none_3e0d1ba8e3303201;C:\Program Files\Android\Android Studio\jbr\bin\server

VM Arguments:
java_command: org.jetbrains.kotlin.cli.jvm.K2JVMCompiler @C:\Users\linux\AndroidStudioProjects\andriod-\app\build\20260930_14163040045269948691.compiler.options
java_class_path (initial): C:\Users\linux\.gradle\caches\modules-2\files-2.1\org.jetbrains.kotlin\kotlin-compiler-embeddable\1.9.23\460f3eeb4ac5383e60a09898bafa9b63838cc2ea\kotlin-compiler-embeddable-1.9.23.jar;C:\Users\linux\.gradle\caches\modules-2\files-2.1\org.jetbrains.kotlin\kotlin-stdlib\1.9.23\dbaadea1f5e68f790d242a91a38355a83ec38747\kotlin-stdlib-1.9.23.jar;C:\Users\linux\.gradle\caches\modules-2\files-2.1\org.jetbrains.kotlin\kotlin-script-runtime\1.9.23\1375a7343d05891119fac57f8b50a7578420ac27\kotlin-script-runtime-1.9.23.jar;C:\Users\linux\.gradle\caches\modules-2\files-2.1\org.jetbrains.kotlin\kotlin-reflect\1.6.10\1cbe9c92c12a94eea200d23c2bbaedaf3daf5132\kotlin-reflect-1.6.10.jar;C:\Users\linux\.gradle\caches\modules-2\files-2.1\org.jetbrains.kotlin\kotlin-daemon-embeddable\1.9.23\a6ad5e888015dc4f9eb828ea753167f256093c6a\kotlin-daemon-embeddable-1.9.23.jar;C:\Users\linux\.gradle\caches\modules-2\files-2.1\org.jetbrains.intellij.deps\trove4j\1.0.20200330\3afb14d5f9ceb459d724e907a21145e8ff394f02\trove4j-1.0.20200330.jar;C:\Users\linux\.gradle\caches\modules-2\files-2.1\org.jetbrains\annotations\13.0\919f0dfe192fb4e063e7dacadee7f8bb9a2672a9\annotations-13.0.jar
Launcher Type: SUN_STANDARD

[Global flags]
     intx CICompilerCount                          = 4                                         {product} {ergonomic}
     uint ConcGCThreads                            = 3                                         {product} {ergonomic}
     uint G1ConcRefinementThreads                  = 10                                        {product} {ergonomic}
   size_t G1HeapRegionSize                         = 4194304                                   {product} {ergonomic}
    uintx GCDrainStackTargetSize                   = 64                                        {product} {ergonomic}
   size_t InitialHeapSize                          = 398458880                                 {product} {ergonomic}
   size_t MarkStackSize                            = 4194304                                   {product} {ergonomic}
   size_t MaxHeapSize                              = 6366953472                                {product} {ergonomic}
   size_t MaxNewSize                               = 3816816640                                {product} {ergonomic}
   size_t MinHeapDeltaBytes                        = 4194304                                   {product} {ergonomic}
   size_t MinHeapSize                              = 8388608                                   {product} {ergonomic}
    uintx NonNMethodCodeHeapSize                   = 5839372                                {pd product} {ergonomic}
    uintx NonProfiledCodeHeapSize                  = 122909434                              {pd product} {ergonomic}
    uintx ProfiledCodeHeapSize                     = 122909434                              {pd product} {ergonomic}
    uintx ReservedCodeCacheSize                    = 251658240                              {pd product} {ergonomic}
     bool SegmentedCodeCache                       = true                                      {product} {ergonomic}
   size_t SoftMaxHeapSize                          = 6366953472                             {manageable} {ergonomic}
     bool UseCompressedOops                        = true                           {product lp64_product} {ergonomic}
     bool UseG1GC                                  = true                                      {product} {ergonomic}
     bool UseLargePagesIndividualAllocation        = false                                  {pd product} {ergonomic}

Logging:
Log output configuration:
 #0: stdout all=warning uptime,level,tags foldmultilines=false
 #1: stderr all=off uptime,level,tags foldmultilines=false

Release file:
JAVA_VERSION="21.0.10" 
MODULES="java.base java.compiler java.datatransfer java.xml java.prefs java.desktop java.instrument java.logging java.management java.security.sasl java.naming java.rmi java.management.rmi java.net.http java.scripting java.security.jgss java.transaction.xa java.sql java.sql.rowset java.xml.crypto java.se java.smartcardio jdk.accessibility jdk.internal.jvmstat jdk.attach jdk.charsets jdk.internal.opt jdk.zipfs jdk.compiler jdk.crypto.ec jdk.crypto.cryptoki jdk.dynalink jdk.hotspot.agent jdk.httpserver jdk.internal.ed jdk.internal.le jdk.internal.vm.ci jdk.jartool jdk.javadoc jdk.jcmd jdk.jdeps jdk.jdwp.agent jdk.jdi jdk.jfr jdk.jlink jdk.jsobject jdk.localedata jdk.management jdk.management.agent jdk.management.jfr jdk.naming.dns jdk.naming.rmi jdk.net jdk.sctp jdk.security.auth jdk.security.jgss jdk.unsupported jdk.unsupported.desktop jdk.xml.dom" 
IMPLEMENTOR="JetBrains s.r.o." 
JAVA_RUNTIME_VERSION="21.0.10+-14961533-b1163.108" 
LIBC="default" 
OS_ARCH="x86_64" 
OS_NAME="Windows" 
SOURCE=".:git:1351622c2ff2" 

Environment Variables:
PATH=C:\Program Files (x86)\NVIDIA Corporation\PhysX\Common;C:\WINDOWS\system32;C:\WINDOWS;C:\WINDOWS\System32\Wbem;C:\WINDOWS\System32\WindowsPowerShell\v1.0\;C:\WINDOWS\System32\OpenSSH\;C:\Program Files\dotnet\;C:\Program Files\nodejs\;C:\Program Files\Git\cmd;C:\Program Files\Cloudflare\Cloudflare WARP\;C:\Program Files\MySQL\MySQL Shell 8.0\bin\;C:\Users\linux\AppData\Local\Microsoft\WindowsApps;C:\Program Files\MySQL\MySQL Server 8.0\bin;C:\Users\linux\AppData\Local\Programs\Microsoft VS Code\bin;C:\Users\linux\AppData\Roaming\npm;C:\Users\linux\AppData\Local\GitHubDesktop\bin;C:\Users\linux\AppData\Local\Programs\Antigravity\bin;C:\Users\linux\AppData\Local\spicetify
USERNAME=linux
OS=Windows_NT
PROCESSOR_IDENTIFIER=Intel64 Family 6 Model 154 Stepping 4, GenuineIntel
TMP=C:\Users\linux\AppData\Local\Temp
TEMP=C:\Users\linux\AppData\Local\Temp




Periodic native trim disabled

JNI global refs:
JNI global refs: 12, weak refs: 2

JNI global refs memory usage: 835, weak refs: 833

Process memory usage:
Resident Set Size: 404076K (1% of 24862776K total physical memory with 1469892K free physical memory)

OOME stack traces (most recent first):
Classloader memory used:
Loader jdk.internal.loader.ClassLoaders$AppClassLoader                                 : 47185K
Loader bootstrap                                                                       : 13055K
Loader java.net.URLClassLoader                                                         : 521K

---------------  S Y S T E M  ---------------

OS:
 Windows 11 , 64 bit Build 26100 (10.0.26100.9444)
OS uptime: 0 days 8:44 hours
Hyper-V role detected

CPU: total 12 (initial active 12) (6 cores per cpu, 2 threads per core) family 6 model 154 stepping 4 microcode 0x423, cx8, cmov, fxsr, ht, mmx, 3dnowpref, sse, sse2, sse3, ssse3, sse4.1, sse4.2, popcnt, lzcnt, tsc, tscinvbit, avx, avx2, aes, erms, clmul, bmi1, bmi2, adx, sha, fma, vzeroupper, clflush, clflushopt, clwb, hv, serialize, rdtscp, rdpid, fsrm, f16c, cet_ibt, cet_ss
Processor Information for processor 0
  Max Mhz: 1300, Current Mhz: 1300, Mhz Limit: 1300
Processor Information for processor 1
  Max Mhz: 1300, Current Mhz: 1300, Mhz Limit: 1300
Processor Information for processor 2
  Max Mhz: 1300, Current Mhz: 1300, Mhz Limit: 1300
Processor Information for processor 3
  Max Mhz: 1300, Current Mhz: 1300, Mhz Limit: 1300
Processor Information for processor 4
  Max Mhz: 1300, Current Mhz: 900, Mhz Limit: 897
Processor Information for processor 5
  Max Mhz: 1300, Current Mhz: 900, Mhz Limit: 897
Processor Information for processor 6
  Max Mhz: 1300, Current Mhz: 900, Mhz Limit: 897
Processor Information for processor 7
  Max Mhz: 1300, Current Mhz: 900, Mhz Limit: 897
Processor Information for processor 8
  Max Mhz: 1300, Current Mhz: 900, Mhz Limit: 897
Processor Information for processor 9
  Max Mhz: 1300, Current Mhz: 900, Mhz Limit: 897
Processor Information for processor 10
  Max Mhz: 1300, Current Mhz: 900, Mhz Limit: 897
Processor Information for processor 11
  Max Mhz: 1300, Current Mhz: 900, Mhz Limit: 897

Memory: 4k page, system-wide physical 24280M (1434M free)
TotalPageFile size 34520M (AvailPageFile size 5M)
current process WorkingSet (physical memory assigned to process): 395M, peak: 395M
current process commit charge ("private bytes"): 431M, peak: 494M

vm_info: OpenJDK 64-Bit Server VM (21.0.10+-14961533-b1163.108) for windows-amd64 JRE (21.0.10+-14961533-b1163.108), built on 2026-03-02T19:58:50Z by "builder" with MS VC++ 16.10 / 16.11 (VS2019)

END.
